Component: ARM Compiler 5.06 update 6 (build 750) Tool: armlink [4d35ed]

==============================================================================

Section Cross References

    stm32f10x_adc.o(i.ADC_DeInit) refers to stm32f10x_rcc.o(i.RCC_APB2PeriphResetCmd) for RCC_APB2PeriphResetCmd
    stm32f10x_gpio.o(i.GPIO_AFIODeInit) refers to stm32f10x_rcc.o(i.RCC_APB2PeriphResetCmd) for RCC_APB2PeriphResetCmd
    stm32f10x_gpio.o(i.GPIO_DeInit) refers to stm32f10x_rcc.o(i.RCC_APB2PeriphResetCmd) for RCC_APB2PeriphResetCmd
    stm32f10x_tim.o(i.TIM_DeInit) refers to stm32f10x_rcc.o(i.RCC_APB2PeriphResetCmd) for RCC_APB2PeriphResetCmd
    stm32f10x_tim.o(i.TIM_DeInit) refers to stm32f10x_rcc.o(i.RCC_APB1PeriphResetCmd) for RCC_APB1PeriphResetCmd
    stm32f10x_tim.o(i.TIM_ETRClockMode1Config) refers to stm32f10x_tim.o(i.TIM_ETRConfig) for TIM_ETRConfig
    stm32f10x_tim.o(i.TIM_ETRClockMode2Config) refers to stm32f10x_tim.o(i.TIM_ETRConfig) for TIM_ETRConfig
    stm32f10x_tim.o(i.TIM_ICInit) refers to stm32f10x_tim.o(i.TI1_Config) for TI1_Config
    stm32f10x_tim.o(i.TIM_ICInit) refers to stm32f10x_tim.o(i.TIM_SetIC1Prescaler) for TIM_SetIC1Prescaler
    stm32f10x_tim.o(i.TIM_ICInit) refers to stm32f10x_tim.o(i.TI2_Config) for TI2_Config
    stm32f10x_tim.o(i.TIM_ICInit) refers to stm32f10x_tim.o(i.TIM_SetIC2Prescaler) for TIM_SetIC2Prescaler
    stm32f10x_tim.o(i.TIM_ICInit) refers to stm32f10x_tim.o(i.TI3_Config) for TI3_Config
    stm32f10x_tim.o(i.TIM_ICInit) refers to stm32f10x_tim.o(i.TIM_SetIC3Prescaler) for TIM_SetIC3Prescaler
    stm32f10x_tim.o(i.TIM_ICInit) refers to stm32f10x_tim.o(i.TI4_Config) for TI4_Config
    stm32f10x_tim.o(i.TIM_ICInit) refers to stm32f10x_tim.o(i.TIM_SetIC4Prescaler) for TIM_SetIC4Prescaler
    stm32f10x_tim.o(i.TIM_ITRxExternalClockConfig) refers to stm32f10x_tim.o(i.TIM_SelectInputTrigger) for TIM_SelectInputTrigger
    stm32f10x_tim.o(i.TIM_PWMIConfig) refers to stm32f10x_tim.o(i.TI1_Config) for TI1_Config
    stm32f10x_tim.o(i.TIM_PWMIConfig) refers to stm32f10x_tim.o(i.TIM_SetIC1Prescaler) for TIM_SetIC1Prescaler
    stm32f10x_tim.o(i.TIM_PWMIConfig) refers to stm32f10x_tim.o(i.TI2_Config) for TI2_Config
    stm32f10x_tim.o(i.TIM_PWMIConfig) refers to stm32f10x_tim.o(i.TIM_SetIC2Prescaler) for TIM_SetIC2Prescaler
    stm32f10x_tim.o(i.TIM_TIxExternalClockConfig) refers to stm32f10x_tim.o(i.TI2_Config) for TI2_Config
    stm32f10x_tim.o(i.TIM_TIxExternalClockConfig) refers to stm32f10x_tim.o(i.TI1_Config) for TI1_Config
    stm32f10x_tim.o(i.TIM_TIxExternalClockConfig) refers to stm32f10x_tim.o(i.TIM_SelectInputTrigger) for TIM_SelectInputTrigger
    stm32f10x_usart.o(i.USART_DeInit) refers to stm32f10x_rcc.o(i.RCC_APB2PeriphResetCmd) for RCC_APB2PeriphResetCmd
    stm32f10x_usart.o(i.USART_DeInit) refers to stm32f10x_rcc.o(i.RCC_APB1PeriphResetCmd) for RCC_APB1PeriphResetCmd
    stm32f10x_usart.o(i.USART_Init) refers to stm32f10x_rcc.o(i.RCC_GetClocksFreq) for RCC_GetClocksFreq
    stm32f10x_wwdg.o(i.WWDG_DeInit) refers to stm32f10x_rcc.o(i.RCC_APB1PeriphResetCmd) for RCC_APB1PeriphResetCmd
    stm32f10x_rcc.o(i.RCC_GetClocksFreq) refers to stm32f10x_rcc.o(.data) for APBAHBPrescTable
    stm32f10x_rcc.o(i.RCC_WaitForHSEStartUp) refers to stm32f10x_rcc.o(i.RCC_GetFlagStatus) for RCC_GetFlagStatus
    startup_stm32f10x_md.o(RESET) refers to startup_stm32f10x_md.o(STACK) for __initial_sp
    startup_stm32f10x_md.o(RESET) refers to startup_stm32f10x_md.o(.text) for Reset_Handler
    startup_stm32f10x_md.o(RESET) refers to stm32f10x_it.o(i.NMI_Handler) for NMI_Handler
    startup_stm32f10x_md.o(RESET) refers to stm32f10x_it.o(i.HardFault_Handler) for HardFault_Handler
    startup_stm32f10x_md.o(RESET) refers to stm32f10x_it.o(i.MemManage_Handler) for MemManage_Handler
    startup_stm32f10x_md.o(RESET) refers to stm32f10x_it.o(i.BusFault_Handler) for BusFault_Handler
    startup_stm32f10x_md.o(RESET) refers to stm32f10x_it.o(i.UsageFault_Handler) for UsageFault_Handler
    startup_stm32f10x_md.o(RESET) refers to stm32f10x_it.o(i.SVC_Handler) for SVC_Handler
    startup_stm32f10x_md.o(RESET) refers to stm32f10x_it.o(i.DebugMon_Handler) for DebugMon_Handler
    startup_stm32f10x_md.o(RESET) refers to stm32f10x_it.o(i.PendSV_Handler) for PendSV_Handler
    startup_stm32f10x_md.o(RESET) refers to stm32f10x_it.o(i.SysTick_Handler) for SysTick_Handler
    startup_stm32f10x_md.o(RESET) refers to stm32f10x_it.o(i.USART1_IRQHandler) for USART1_IRQHandler
    startup_stm32f10x_md.o(.text) refers to system_stm32f10x.o(i.SystemInit) for SystemInit
    startup_stm32f10x_md.o(.text) refers to entry.o(.ARM.Collect$$$$00000000) for __main
    stm32f10x_pwr.o(i.PWR_DeInit) refers to stm32f10x_rcc.o(i.RCC_APB1PeriphResetCmd) for RCC_APB1PeriphResetCmd
    stm32f10x_i2c.o(i.I2C_DeInit) refers to stm32f10x_rcc.o(i.RCC_APB1PeriphResetCmd) for RCC_APB1PeriphResetCmd
    stm32f10x_i2c.o(i.I2C_Init) refers to stm32f10x_rcc.o(i.RCC_GetClocksFreq) for RCC_GetClocksFreq
[...]
    i.ADC_Configuration                      0x08000a64   Section        0  measure.o(i.ADC_Configuration)
    i.ADC_DMACmd                             0x08000bb8   Section        0  stm32f10x_adc.o(i.ADC_DMACmd)
    i.ADC_DeInit                             0x08000bd0   Section        0  stm32f10x_adc.o(i.ADC_DeInit)
    i.ADC_GetCalibrationStatus               0x08000c2c   Section        0  stm32f10x_adc.o(i.ADC_GetCalibrationStatus)
    i.ADC_GetResetCalibrationStatus          0x08000c40   Section        0  stm32f10x_adc.o(i.ADC_GetResetCalibrationStatus)
    i.ADC_Init                               0x08000c54   Section        0  stm32f10x_adc.o(i.ADC_Init)
    i.ADC_RegularChannelConfig               0x08000ca4   Section        0  stm32f10x_adc.o(i.ADC_RegularChannelConfig)
    i.ADC_ResetCalibration                   0x08000d5c   Section        0  stm32f10x_adc.o(i.ADC_ResetCalibration)
    i.ADC_SoftwareStartConvCmd               0x08000d66   Section        0  stm32f10x_adc.o(i.ADC_SoftwareStartConvCmd)
    i.ADC_StartCalibration                   0x08000d7c   Section        0  stm32f10x_adc.o(i.ADC_StartCalibration)
    i.BusFault_Handler                       0x08000d86   Section        0  stm32f10x_it.o(i.BusFault_Handler)
    i.DMA_Cmd                                0x08000d8a   Section        0  stm32f10x_dma.o(i.DMA_Cmd)
    i.DMA_DeInit                             0x08000da4   Section        0  stm32f10x_dma.o(i.DMA_DeInit)
    i.DMA_Init                               0x08000ef0   Section        0  stm32f10x_dma.o(i.DMA_Init)
    i.DebugMon_Handler                       0x08000f2c   Section        0  stm32f10x_it.o(i.DebugMon_Handler)
    i.GPIO_Configuration                     0x08000f30   Section        0  main.o(i.GPIO_Configuration)
    i.GPIO_Init                              0x08000f5c   Section        0  stm32f10x_gpio.o(i.GPIO_Init)
    i.GPIO_StructInit                        0x08001072   Section        0  stm32f10x_gpio.o(i.GPIO_StructInit)
    i.HardFault_Handler                      0x08001082   Section        0  stm32f10x_it.o(i.HardFault_Handler)
    i.I2C_CheckEvent                         0x08001086   Section        0  stm32f10x_i2c.o(i.I2C_CheckEvent)
    i.I2C_Cmd                                0x080010b0   Section        0  stm32f10x_i2c.o(i.I2C_Cmd)
    i.I2C_GenerateSTART                      0x080010c8   Section        0  stm32f10x_i2c.o(i.I2C_GenerateSTART)
    i.I2C_GenerateSTOP                       0x080010e0   Section        0  stm32f10x_i2c.o(i.I2C_GenerateSTOP)
    i.I2C_GetFlagStatus                      0x080010f8   Section        0  stm32f10x_i2c.o(i.I2C_GetFlagStatus)
    i.I2C_Init                               0x08001134   Section        0  stm32f10x_i2c.o(i.I2C_Init)
    i.I2C_LowLevel_Init                      0x08001220   Section        0  i2c.o(i.I2C_LowLevel_Init)
    i.I2C_Send7bitAddress                    0x080012f0   Section        0  stm32f10x_i2c.o(i.I2C_Send7bitAddress)
    i.I2C_SendData                           0x08001302   Section        0  stm32f10x_i2c.o(i.I2C_SendData)
    i.I2C_StructInit                         0x08001306   Section        0  stm32f10x_i2c.o(i.I2C_StructInit)
    i.I2C_Write                              0x08001324   Section        0  i2c.o(i.I2C_Write)
    i.MemManage_Handler                      0x08001440   Section        0  stm32f10x_it.o(i.MemManage_Handler)
    i.NMI_Handler                            0x08001444   Section        0  stm32f10x_it.o(i.NMI_Handler)
    i.NVIC_Init                              0x08001448   Section        0  misc.o(i.NVIC_Init)
    i.NVIC_PriorityGroupConfig               0x080014b8   Section        0  misc.o(i.NVIC_PriorityGroupConfig)
    i.PF_cal                                 0x080014cc   Section        0  measure.o(i.PF_cal)
    i.P_CAL                                  0x080014f2   Section        0  measure.o(i.P_CAL)
    i.PendSV_Handler                         0x0800154c   Section        0  stm32f10x_it.o(i.PendSV_Handler)
    i.RCC_AHBPeriphClockCmd                  0x08001550   Section        0  stm32f10x_rcc.o(i.RCC_AHBPeriphClockCmd)
    i.RCC_APB1PeriphClockCmd                 0x08001570   Section        0  stm32f10x_rcc.o(i.RCC_APB1PeriphClockCmd)
    i.RCC_APB1PeriphResetCmd                 0x08001590   Section        0  stm32f10x_rcc.o(i.RCC_APB1PeriphResetCmd)
    i.RCC_APB2PeriphClockCmd                 0x080015b0   Section        0  stm32f10x_rcc.o(i.RCC_APB2PeriphClockCmd)
    i.RCC_APB2PeriphResetCmd                 0x080015d0   Section        0  stm32f10x_rcc.o(i.RCC_APB2PeriphResetCmd)
    i.RCC_GetClocksFreq                      0x080015f0   Section        0  stm32f10x_rcc.o(i.RCC_GetClocksFreq)
    i.RMS_cal                                0x080016c4   Section        0  measure.o(i.RMS_cal)
    i.SVC_Handler                            0x0800171c   Section        0  stm32f10x_it.o(i.SVC_Handler)
    i.SetSysClock                            0x0800171e   Section        0  system_stm32f10x.o(i.SetSysClock)
    SetSysClock                              0x0800171f   Thumb Code     8  system_stm32f10x.o(i.SetSysClock)
    i.SetSysClockTo72                        0x08001728   Section        0  system_stm32f10x.o(i.SetSysClockTo72)
    SetSysClockTo72                          0x08001729   Thumb Code   214  system_stm32f10x.o(i.SetSysClockTo72)
    i.SysTick_Handler                        0x08001808   Section        0  stm32f10x_it.o(i.SysTick_Handler)
    i.SystemInit                             0x0800180c   Section        0  system_stm32f10x.o(i.SystemInit)
    i.TIM4_Configuration                     0x0800186c   Section        0  measure.o(i.TIM4_Configuration)
    i.TIM_Cmd                                0x080018c8   Section        0  stm32f10x_tim.o(i.TIM_Cmd)
    i.TIM_PrescalerConfig                    0x080018e0   Section        0  stm32f10x_tim.o(i.TIM_PrescalerConfig)
    i.TIM_SetCounter                         0x080018e6   Section        0  stm32f10x_tim.o(i.TIM_SetCounter)
    i.TIM_TimeBaseInit                       0x080018ec   Section        0  stm32f10x_tim.o(i.TIM_TimeBaseInit)
    i.TIM_TimeBaseStructInit                 0x08001990   Section        0  stm32f10x_tim.o(i.TIM_TimeBaseStructInit)
    i.UART_Configuration                     0x080019a4   Section        0  main.o(i.UART_Configuration)
    i.USART1_IRQHandler                      0x08001a40   Section        0  stm32f10x_it.o(i.USART1_IRQHandler)
    i.USART_Cmd                              0x08001ab0   Section        0  stm32f10x_usart.o(i.USART_Cmd)
    i.USART_GetFlagStatus                    0x08001ac8   Section        0  stm32f10x_usart.o(i.USART_GetFlagStatus)
    i.USART_GetITStatus                      0x08001ae2   Section        0  stm32f10x_usart.o(i.USART_GetITStatus)
    i.USART_ITConfig                         0x08001b36   Section        0  stm32f10x_usart.o(i.USART_ITConfig)
    i.USART_Init                             0x08001b80   Section        0  stm32f10x_usart.o(i.USART_Init)
    i.USART_ReceiveData                      0x08001c58   Section        0  stm32f10x_usart.o(i.USART_ReceiveData)
    i.USART_SendData                         0x08001c62   Section        0  stm32f10x_usart.o(i.USART_SendData)
    i.UsageFault_Handler                     0x08001c6a   Section        0  stm32f10x_it.o(i.UsageFault_Handler)
    i.__0printf                              0x08001c70   Section        0  printfa.o(i.__0printf)
    i.__0sprintf                             0x08001c90   Section        0  printfa.o(i.__0sprintf)
    i.__scatterload_copy                     0x08001cb8   Section       14  handlers.o(i.__scatterload_copy)
    i.__scatterload_null                     0x08001cc6   Section        2  handlers.o(i.__scatterload_null)
    i.__scatterload_zeroinit                 0x08001cc8   Section       14  handlers.o(i.__scatterload_zeroinit)
    i.__set_errno                            0x08001cd8   Section        0  errno.o(i.__set_errno)
    i._fp_digits                             0x08001ce4   Section        0  printfa.o(i._fp_digits)
    _fp_digits                               0x08001ce5   Thumb Code   366  printfa.o(i._fp_digits)
    i._printf_core                           0x08001e68   Section        0  printfa.o(i._printf_core)
    _printf_core                             0x08001e69   Thumb Code  1744  printfa.o(i._printf_core)
    i._printf_post_padding                   0x08002544   Section        0  printfa.o(i._printf_post_padding)
    _printf_post_padding                     0x08002545   Thumb Code    36  printfa.o(i._printf_post_padding)
    i._printf_pre_padding                    0x08002568   Section        0  printfa.o(i._printf_pre_padding)
    _printf_pre_padding                      0x08002569   Thumb Code    46  printfa.o(i._printf_pre_padding)
    i._sputc                                 0x08002596   Section        0  printfa.o(i._sputc)
    _sputc                                   0x08002597   Thumb Code    10  printfa.o(i._sputc)
    i.avr_data                               0x080025a0   Section        0  measure.o(i.avr_data)
    i.convert_adc                            0x08002684   Section        0  measure.o(i.convert_adc)
    i.delay_init                             0x080026ac   Section        0  u8g_arm.o(i.delay_init)
    i.delay_micro_seconds                    0x08002708   Section        0  u8g_arm.o(i.delay_micro_seconds)
    i.display                                0x08002724   Section        0  display.o(i.display)
    i.display_init                           0x08002918   Section        0  display.o(i.display_init)
    i.fputc                                  0x08002934   Section        0  main.o(i.fputc)
    i.getdata_time                           0x08002958   Section        0  measure.o(i.getdata_time)
    i.main                                   0x08002a58   Section        0  main.o(i.main)
    i.measure_data_AC                        0x08002ac8   Section        0  measure.o(i.measure_data_AC)
    i.measure_init                           0x08002e3c   Section        0  measure.o(i.measure_init)
    i.read_adc                               0x08002e80   Section        0  measure.o(i.read_adc)
    i.send_data                              0x08002ea4   Section        0  measure.o(i.send_data)
    i.sqrt                                   0x08002f84   Section        0  sqrt.o(i.sqrt)
    i.u8g_10MicroDelay                       0x08002fd0   Section        0  u8g_arm.o(i.u8g_10MicroDelay)
    i.u8g_Begin                              0x08002fda   Section        0  u8g_ll_api.o(i.u8g_Begin)
    i.u8g_CopyGlyphDataToCache               0x08002ff6   Section        0  u8g_font.o(i.u8g_CopyGlyphDataToCache)
    u8g_CopyGlyphDataToCache                 0x08002ff7   Thumb Code   104  u8g_font.o(i.u8g_CopyGlyphDataToCache)
    i.u8g_Delay                              0x0800305e   Section        0  u8g_arm.o(i.u8g_Delay)
    i.u8g_Draw8Pixel                         0x08003070   Section        0  u8g_ll_api.o(i.u8g_Draw8Pixel)
    i.u8g_Draw8PixelLL                       0x08003094   Section        0  u8g_ll_api.o(i.u8g_Draw8PixelLL)
    i.u8g_DrawStr180                         0x080030c4   Section        0  u8g_font.o(i.u8g_DrawStr180)
    i.u8g_FillEmptyGlyphCache                0x0800310c   Section        0  u8g_font.o(i.u8g_FillEmptyGlyphCache)
    u8g_FillEmptyGlyphCache                  0x0800310d   Thumb Code    16  u8g_font.o(i.u8g_FillEmptyGlyphCache)
    i.u8g_FirstPage                          0x0800311c   Section        0  u8g_ll_api.o(i.u8g_FirstPage)
    i.u8g_FirstPageLL                        0x0800312a   Section        0  u8g_ll_api.o(i.u8g_FirstPageLL)
    i.u8g_GetGlyph                           0x0800315e   Section        0  u8g_font.o(i.u8g_GetGlyph)
    i.u8g_GetHeightLL                        0x08003222   Section        0  u8g_ll_api.o(i.u8g_GetHeightLL)
    i.u8g_GetModeLL                          0x0800323a   Section        0  u8g_ll_api.o(i.u8g_GetModeLL)
    i.u8g_GetWidthLL                         0x0800324e   Section        0  u8g_ll_api.o(i.u8g_GetWidthLL)
    i.u8g_InitCom                            0x08003266   Section        0  u8g_com_api.o(i.u8g_InitCom)
    i.u8g_InitComFn                          0x08003280   Section        0  u8g_ll_api.o(i.u8g_InitComFn)
    i.u8g_InitLL                             0x0800329c   Section        0  u8g_ll_api.o(i.u8g_InitLL)
    i.u8g_IsBBXIntersection                  0x080032c6   Section        0  u8g_clip.o(i.u8g_IsBBXIntersection)
    i.u8g_MicroDelay                         0x08003318   Section        0  u8g_arm.o(i.u8g_MicroDelay)
    i.u8g_NextPage                           0x08003322   Section        0  u8g_ll_api.o(i.u8g_NextPage)
    i.u8g_NextPageLL                         0x0800333a   Section        0  u8g_ll_api.o(i.u8g_NextPageLL)
    i.u8g_SetAddress                         0x08003374   Section        0  u8g_com_api.o(i.u8g_SetAddress)
    i.u8g_SetChipSelect                      0x0800338e   Section        0  u8g_com_api.o(i.u8g_SetChipSelect)
    i.u8g_SetColorIndex                      0x080033a8   Section        0  u8g_ll_api.o(i.u8g_SetColorIndex)
    i.u8g_SetFont                            0x080033ae   Section        0  u8g_font.o(i.u8g_SetFont)
    i.u8g_SetFontPosBaseline                 0x080033cc   Section        0  u8g_font.o(i.u8g_SetFontPosBaseline)
    i.u8g_SetResetHigh                       0x080033d8   Section        0  u8g_com_api.o(i.u8g_SetResetHigh)
    i.u8g_SetResetLow                        0x080033ec   Section        0  u8g_com_api.o(i.u8g_SetResetLow)
    i.u8g_UpdateDimension                    0x08003400   Section        0  u8g_ll_api.o(i.u8g_UpdateDimension)
    i.u8g_UpdateRefHeight                    0x08003432   Section        0  u8g_font.o(i.u8g_UpdateRefHeight)
    i.u8g_WriteByte                          0x080034b2   Section        0  u8g_com_api.o(i.u8g_WriteByte)
    i.u8g_WriteEscSeqP                       0x080034cc   Section        0  u8g_com_api.o(i.u8g_WriteEscSeqP)
    i.u8g_WriteSequence                      0x0800358a   Section        0  u8g_com_api.o(i.u8g_WriteSequence)
    i.u8g_call_dev_fn                        0x080035a8   Section        0  u8g_ll_api.o(i.u8g_call_dev_fn)
    i.u8g_com_hw_i2c_fn                      0x080035c8   Section        0  u8g_arm.o(i.u8g_com_hw_i2c_fn)
    i.u8g_com_null_fn                        0x08003674   Section        0  u8g_com_null.o(i.u8g_com_null_fn)
    i.u8g_dev_pb16v1_base_fn                 0x08003698   Section        0  u8g_pb16v1.o(i.u8g_dev_pb16v1_base_fn)
    i.u8g_dev_pb8v1_base_fn                  0x0800374e   Section        0  u8g_pb8v1.o(i.u8g_dev_pb8v1_base_fn)
    i.u8g_dev_sh1106_128x64_2x_fn            0x08003804   Section        0  u8g_dev_ssd1306_128x64.o(i.u8g_dev_sh1106_128x64_2x_fn)
    i.u8g_dev_sh1106_128x64_fn               0x08003904   Section        0  u8g_dev_ssd1306_128x64.o(i.u8g_dev_sh1106_128x64_fn)
    i.u8g_dev_ssd1306_128x64_2x_fn           0x080039c0   Section        0  u8g_dev_ssd1306_128x64.o(i.u8g_dev_ssd1306_128x64_2x_fn)
    i.u8g_dev_ssd1306_128x64_fn              0x08003ac0   Section        0  u8g_dev_ssd1306_128x64.o(i.u8g_dev_ssd1306_128x64_fn)
    i.u8g_dev_ssd1306_adafruit_128x64_fn     0x08003b7c   Section        0  u8g_dev_ssd1306_128x64.o(i.u8g_dev_ssd1306_adafruit_128x64_fn)
    i.u8g_draw_glyph180                      0x08003c38   Section        0  u8g_font.o(i.u8g_draw_glyph180)
    i.u8g_font_GetCapitalAHeight             0x08003d0a   Section        0  u8g_font.o(i.u8g_font_GetCapitalAHeight)
    i.u8g_font_GetEncoding65Pos              0x08003d18   Section        0  u8g_font.o(i.u8g_font_GetEncoding65Pos)
    i.u8g_font_GetEncoding97Pos              0x08003d26   Section        0  u8g_font.o(i.u8g_font_GetEncoding97Pos)
    i.u8g_font_GetFontAscent                 0x08003d34   Section        0  u8g_font.o(i.u8g_font_GetFontAscent)
    i.u8g_font_GetFontDescent                0x08003d44   Section        0  u8g_font.o(i.u8g_font_GetFontDescent)
    i.u8g_font_GetFontEndEncoding            0x08003d54   Section        0  u8g_font.o(i.u8g_font_GetFontEndEncoding)
    i.u8g_font_GetFontGlyphStructureSize     0x08003d62   Section        0  u8g_font.o(i.u8g_font_GetFontGlyphStructureSize)
    u8g_font_GetFontGlyphStructureSize       0x08003d63   Thumb Code    38  u8g_font.o(i.u8g_font_GetFontGlyphStructureSize)
    i.u8g_font_GetFontStartEncoding          0x08003d88   Section        0  u8g_font.o(i.u8g_font_GetFontStartEncoding)
    i.u8g_font_GetFontXAscent                0x08003d96   Section        0  u8g_font.o(i.u8g_font_GetFontXAscent)
    i.u8g_font_GetFontXDescent               0x08003da6   Section        0  u8g_font.o(i.u8g_font_GetFontXDescent)
    i.u8g_font_GetFormat                     0x08003db6   Section        0  u8g_font.o(i.u8g_font_GetFormat)
    u8g_font_GetFormat                       0x08003db7   Thumb Code    14  u8g_font.o(i.u8g_font_GetFormat)
    i.u8g_font_GetGlyphDataStart             0x08003dc4   Section        0  u8g_font.o(i.u8g_font_GetGlyphDataStart)
    u8g_font_GetGlyphDataStart               0x08003dc5   Thumb Code    16  u8g_font.o(i.u8g_font_GetGlyphDataStart)
    i.u8g_font_GetLowerGDescent              0x08003dd4   Section        0  u8g_font.o(i.u8g_font_GetLowerGDescent)
    i.u8g_font_calc_vref_font                0x08003de4   Section        0  u8g_font.o(i.u8g_font_calc_vref_font)
    i.u8g_font_get_byte                      0x08003dea   Section        0  u8g_font.o(i.u8g_font_get_byte)
    u8g_font_get_byte                        0x08003deb   Thumb Code     8  u8g_font.o(i.u8g_font_get_byte)
    i.u8g_font_get_word                      0x08003df2   Section        0  u8g_font.o(i.u8g_font_get_word)
    u8g_font_get_word                        0x08003df3   Thumb Code    24  u8g_font.o(i.u8g_font_get_word)
    i.u8g_init_data                          0x08003e0c   Section        0  u8g_ll_api.o(i.u8g_init_data)
    u8g_init_data                            0x08003e0d   Thumb Code    66  u8g_ll_api.o(i.u8g_init_data)
    i.u8g_is_intersection_decision_tree      0x08003e54   Section        0  u8g_clip.o(i.u8g_is_intersection_decision_tree)
    u8g_is_intersection_decision_tree        0x08003e55   Thumb Code    48  u8g_clip.o(i.u8g_is_intersection_decision_tree)
    i.u8g_page_First                         0x08003e84   Section        0  u8g_page.o(i.u8g_page_First)
    i.u8g_page_Next                          0x08003e98   Section        0  u8g_page.o(i.u8g_page_Next)
    i.u8g_pb16v1_Clear                       0x08003ece   Section        0  u8g_pb16v1.o(i.u8g_pb16v1_Clear)
    i.u8g_pb16v1_Set8PixelOpt2               0x08003ee8   Section        0  u8g_pb16v1.o(i.u8g_pb16v1_Set8PixelOpt2)
    i.u8g_pb16v1_SetPixel                    0x08003f4a   Section        0  u8g_pb16v1.o(i.u8g_pb16v1_SetPixel)
    i.u8g_pb16v1_set_pixel                   0x08003f7e   Section        0  u8g_pb16v1.o(i.u8g_pb16v1_set_pixel)
    i.u8g_pb8v1_Set8PixelOpt2                0x08003fb8   Section        0  u8g_pb8v1.o(i.u8g_pb8v1_Set8PixelOpt2)
    i.u8g_pb8v1_SetPixel                     0x0800401a   Section        0  u8g_pb8v1.o(i.u8g_pb8v1_SetPixel)
    i.u8g_pb8v1_set_pixel                    0x0800404e   Section        0  u8g_pb8v1.o(i.u8g_pb8v1_set_pixel)
    i.u8g_pb_Clear                           0x08004080   Section        0  u8g_pb.o(i.u8g_pb_Clear)
    i.u8g_pb_GetPageBox                      0x08004098   Section        0  u8g_pb.o(i.u8g_pb_GetPageBox)
    i.u8g_pb_Is8PixelVisible                 0x080040b0   Section        0  u8g_pb.o(i.u8g_pb_Is8PixelVisible)
    i.u8g_pb_IsYIntersection                 0x080040ee   Section        0  u8g_pb.o(i.u8g_pb_IsYIntersection)
    i.u8g_pb_WriteBuffer                     0x0800412e   Section        0  u8g_pb.o(i.u8g_pb_WriteBuffer)
    i.u8g_state_dummy_cb                     0x08004144   Section        0  u8g_state.o(i.u8g_state_dummy_cb)
    .constdata                               0x08004146   Section      187  u8g_dev_ssd1306_128x64.o(.constdata)
    u8g_dev_ssd1306_128x64_adafruit1_init_seq 0x08004146   Data          38  u8g_dev_ssd1306_128x64.o(.constdata)
    u8g_dev_ssd1306_128x64_adafruit2_init_seq 0x0800416c   Data          38  u8g_dev_ssd1306_128x64.o(.constdata)
    u8g_dev_ssd1306_128x64_adafruit3_init_seq 0x08004192   Data          38  u8g_dev_ssd1306_128x64.o(.constdata)
    u8g_dev_ssd1306_128x64_univision_init_seq 0x080041b8   Data          37  u8g_dev_ssd1306_128x64.o(.constdata)
    u8g_dev_ssd1306_128x64_data_start        0x080041dd   Data           8  u8g_dev_ssd1306_128x64.o(.constdata)
    u8g_dev_sh1106_128x64_data_start         0x080041e5   Data           8  u8g_dev_ssd1306_128x64.o(.constdata)
    u8g_dev_ssd13xx_sleep_on                 0x080041ed   Data           9  u8g_dev_ssd1306_128x64.o(.constdata)
    u8g_dev_ssd13xx_sleep_off                0x080041f6   Data          11  u8g_dev_ssd1306_128x64.o(.constdata)
    .constdata                               0x08004201   Section     3666  u8g_font_data.o(.constdata)
    .conststring                             0x08005054   Section      127  measure.o(.conststring)
    .data                                    0x20000000   Section       20  stm32f10x_rcc.o(.data)
    APBAHBPrescTable                         0x20000000   Data          16  stm32f10x_rcc.o(.data)
    ADCPrescTable                            0x20000010   Data           4  stm32f10x_rcc.o(.data)
    .data                                    0x20000014   Section       32  main.o(.data)
    .data                                    0x20000034   Section       20  stm32f10x_it.o(.data)
    .data                                    0x20000048   Section       20  system_stm32f10x.o(.data)
    .data                                    0x2000005c   Section        1  u8g_arm.o(.data)
    .data                                    0x20000060   Section       22  measure.o(.data)
    .data                                    0x20000078   Section      312  u8g_dev_ssd1306_128x64.o(.data)
    .data                                    0x200001b0   Section        4  stdout.o(.data)
    .data                                    0x200001b4   Section        4  errno.o(.data)
    _errno                                   0x200001b4   Data           4  errno.o(.data)
    .bss                                     0x200001b8   Section       26  main.o(.bss)
    .bss                                     0x200001d4   Section     9144  measure.o(.bss)
    .bss                                     0x2000258c   Section       60  display.o(.bss)
    u8g                                      0x2000258c   Data          60  display.o(.bss)
    .bss                                     0x200025c8   Section     1664  u8g_dev_ssd1306_128x64.o(.bss)
    STACK                                    0x20002c48   Section     1024  startup_stm32f10x_md.o(STACK)

    Global Symbols

    Symbol Name                              Value     Ov Type        Size  Object(Section)

    BuildAttributes$$THM_ISAv4$P$D$K$B$S$PE$A:L22UL41UL21$X:L11$S22US41US21$IEEE1$IW$USESV6$~STKCKD$USESV7$~SHL$OTIME$ROPI$IEEEJ$EBA8$MICROLIB$REQ8$PRES8$EABIv2 0x00000000   Number         0  anon$$obj.o ABSOLUTE
    __ARM_use_no_argv                        0x00000000   Number         0  main.o ABSOLUTE
    _printf_a                                0x00000000   Number         0  stubs.o ABSOLUTE
    _printf_c                                0x00000000   Number         0  stubs.o ABSOLUTE
    _printf_charcount                        0x00000000   Number         0  stubs.o ABSOLUTE
    _printf_d                                0x00000000   Number         0  stubs.o ABSOLUTE
    _printf_e                                0x00000000   Number         0  stubs.o ABSOLUTE
    _printf_f                                0x00000000   Number         0  stubs.o ABSOLUTE
    _printf_flags                            0x00000000   Number         0  stubs.o ABSOLUTE
    _printf_fp_dec                           0x00000000   Number         0  stubs.o ABSOLUTE
    _printf_fp_hex                           0x00000000   Number         0  stubs.o ABSOLUTE
    _printf_g                                0x00000000   Number         0  stubs.o ABSOLUTE
    _printf_i                                0x00000000   Number         0  stubs.o ABSOLUTE
    _printf_int_dec                          0x00000000   Number         0  stubs.o ABSOLUTE
    _printf_l                                0x00000000   Number         0  stubs.o ABSOLUTE
    _printf_lc                               0x00000000   Number         0  stubs.o ABSOLUTE
    _printf_ll                               0x00000000   Number         0  stubs.o ABSOLUTE
    _printf_lld                              0x00000000   Number         0  stubs.o ABSOLUTE
    _printf_lli                              0x00000000   Number         0  stubs.o ABSOLUTE
    _printf_llo                              0x00000000   Number         0  stubs.o ABSOLUTE
    _printf_llu                              0x00000000   Number         0  stubs.o ABSOLUTE
    _printf_llx                              0x00000000   Number         0  stubs.o ABSOLUTE
    _printf_longlong_dec                     0x00000000   Number         0  stubs.o ABSOLUTE
    _printf_longlong_hex                     0x00000000   Number         0  stubs.o ABSOLUTE
    _printf_longlong_oct                     0x00000000   Number         0  stubs.o ABSOLUTE
    _printf_ls                               0x00000000   Number         0  stubs.o ABSOLUTE
    _printf_mbtowc                           0x00000000   Number         0  stubs.o ABSOLUTE
    _printf_n                                0x00000000   Number         0  stubs.o ABSOLUTE
    _printf_o                                0x00000000   Number         0  stubs.o ABSOLUTE
    _printf_p                                0x00000000   Number         0  stubs.o ABSOLUTE
    _printf_percent                          0x00000000   Number         0  stubs.o ABSOLUTE
    _printf_pre_padding                      0x00000000   Number         0  stubs.o ABSOLUTE
    _printf_return_value                     0x00000000   Number         0  stubs.o ABSOLUTE
    _printf_s                                0x00000000   Number         0  stubs.o ABSOLUTE
    _printf_sizespec                         0x00000000   Number         0  stubs.o ABSOLUTE
    _printf_str                              0x00000000   Number         0  stubs.o ABSOLUTE
    _printf_truncate_signed                  0x00000000   Number         0  stubs.o ABSOLUTE
    _printf_truncate_unsigned                0x00000000   Number         0  stubs.o ABSOLUTE
    _printf_u                                0x00000000   Number         0  stubs.o ABSOLUTE
    _printf_wc                               0x00000000   Number         0  stubs.o ABSOLUTE
    _printf_wctomb                           0x00000000   Number         0  stubs.o ABSOLUTE
    _printf_widthprec                        0x00000000   Number         0  stubs.o ABSOLUTE
    _printf_x                                0x00000000   Number         0  stubs.o ABSOLUTE
    __cpp_initialize__aeabi_                  - Undefined Weak Reference
    __cxa_finalize                            - Undefined Weak Reference
    _clock_init                               - Undefined Weak Reference
    _microlib_exit                            - Undefined Weak Reference
    __Vectors_Size                           0x000000ec   Number         0  startup_stm32f10x_md.o ABSOLUTE
    __Vectors                                0x08000000   Data           4  startup_stm32f10x_md.o(RESET)
    __Vectors_End                            0x080000ec   Data           0  startup_stm32f10x_md.o(RESET)
    __main                                   0x080000ed   Thumb Code     0  entry.o(.ARM.Collect$$$$00000000)
    _main_stk                                0x080000ed   Thumb Code     0  entry2.o(.ARM.Collect$$$$00000001)
    _main_scatterload                        0x080000f1   Thumb Code     0  entry5.o(.ARM.Collect$$$$00000004)
    __main_after_scatterload                 0x080000f5   Thumb Code     0  entry5.o(.ARM.Collect$$$$00000004)
    _main_clock                              0x080000f5   Thumb Code     0  entry7b.o(.ARM.Collect$$$$00000008)
    _main_cpp_init                           0x080000f5   Thumb Code     0  entry8b.o(.ARM.Collect$$$$0000000A)
    _main_init                               0x080000f5   Thumb Code     0  entry9a.o(.ARM.Collect$$$$0000000B)
    __rt_final_cpp                           0x080000fd   Thumb Code     0  entry10a.o(.ARM.Collect$$$$0000000D)
    __rt_final_exit                          0x080000fd   Thumb Code     0  entry11a.o(.ARM.Collect$$$$0000000F)
    Reset_Handler                            0x08000101   Thumb Code     8  startup_stm32f10x_md.o(.text)
    ADC1_2_IRQHandler                        0x0800011b   Thumb Code     0  startup_stm32f10x_md.o(.text)
    CAN1_RX1_IRQHandler                      0x0800011b   Thumb Code     0  startup_stm32f10x_md.o(.text)
    CAN1_SCE_IRQHandler                      0x0800011b   Thumb Code     0  startup_stm32f10x_md.o(.text)
    DMA1_Channel1_IRQHandler                 0x0800011b   Thumb Code     0  startup_stm32f10x_md.o(.text)
    DMA1_Channel2_IRQHandler                 0x0800011b   Thumb Code     0  startup_stm32f10x_md.o(.text)
    DMA1_Channel3_IRQHandler                 0x0800011b   Thumb Code     0  startup_stm32f10x_md.o(.text)
    DMA1_Channel4_IRQHandler                 0x0800011b   Thumb Code     0  startup_stm32f10x_md.o(.text)
    DMA1_Channel5_IRQHandler                 0x0800011b   Thumb Code     0  startup_stm32f10x_md.o(.text)
    DMA1_Channel6_IRQHandler                 0x0800011b   Thumb Code     0  startup_stm32f10x_md.o(.text)
    DMA1_Channel7_IRQHandler                 0x0800011b   Thumb Code     0  startup_stm32f10x_md.o(.text)
    EXTI0_IRQHandler                         0x0800011b   Thumb Code     0  startup_stm32f10x_md.o(.text)
    EXTI15_10_IRQHandler                     0x0800011b   Thumb Code     0  startup_stm32f10x_md.o(.text)
    EXTI1_IRQHandler                         0x0800011b   Thumb Code     0  startup_stm32f10x_md.o(.text)
    EXTI2_IRQHandler                         0x0800011b   Thumb Code     0  startup_stm32f10x_md.o(.text)
    EXTI3_IRQHandler                         0x0800011b   Thumb Code     0  startup_stm32f10x_md.o(.text)
    EXTI4_IRQHandler                         0x0800011b   Thumb Code     0  startup_stm32f10x_md.o(.text)
    EXTI9_5_IRQHandler                       0x0800011b   Thumb Code     0  startup_stm32f10x_md.o(.text)
    FLASH_IRQHandler                         0x0800011b   Thumb Code     0  startup_stm32f10x_md.o(.text)
    I2C1_ER_IRQHandler                       0x0800011b   Thumb Code     0  startup_stm32f10x_md.o(.text)
    I2C1_EV_IRQHandler                       0x0800011b   Thumb Code     0  startup_stm32f10x_md.o(.text)
    I2C2_ER_IRQHandler                       0x0800011b   Thumb Code     0  startup_stm32f10x_md.o(.text)
    I2C2_EV_IRQHandler                       0x0800011b   Thumb Code     0  startup_stm32f10x_md.o(.text)
    PVD_IRQHandler                           0x0800011b   Thumb Code     0  startup_stm32f10x_md.o(.text)
    RCC_IRQHandler                           0x0800011b   Thumb Code     0  startup_stm32f10x_md.o(.text)
    RTCAlarm_IRQHandler                      0x0800011b   Thumb Code     0  startup_stm32f10x_md.o(.text)
    RTC_IRQHandler                           0x0800011b   Thumb Code     0  startup_stm32f10x_md.o(.text)
    SPI1_IRQHandler                          0x0800011b   Thumb Code     0  startup_stm32f10x_md.o(.text)
    SPI2_IRQHandler                          0x0800011b   Thumb Code     0  startup_stm32f10x_md.o(.text)
    TAMPER_IRQHandler                        0x0800011b   Thumb Code     0  startup_stm32f10x_md.o(.text)
    TIM1_BRK_IRQHandler                      0x0800011b   Thumb Code     0  startup_stm32f10x_md.o(.text)
    TIM1_CC_IRQHandler                       0x0800011b   Thumb Code     0  startup_stm32f10x_md.o(.text)
    TIM1_TRG_COM_IRQHandler                  0x0800011b   Thumb Code     0  startup_stm32f10x_md.o(.text)
    TIM1_UP_IRQHandler                       0x0800011b   Thumb Code     0  startup_stm32f10x_md.o(.text)
    TIM2_IRQHandler                          0x0800011b   Thumb Code     0  startup_stm32f10x_md.o(.text)
    TIM3_IRQHandler                          0x0800011b   Thumb Code     0  startup_stm32f10x_md.o(.text)
    TIM4_IRQHandler                          0x0800011b   Thumb Code     0  startup_stm32f10x_md.o(.text)
    USART2_IRQHandler                        0x0800011b   Thumb Code     0  startup_stm32f10x_md.o(.text)
    USART3_IRQHandler                        0x0800011b   Thumb Code     0  startup_stm32f10x_md.o(.text)
    USBWakeUp_IRQHandler                     0x0800011b   Thumb Code     0  startup_stm32f10x_md.o(.text)
    USB_HP_CAN1_TX_IRQHandler                0x0800011b   Thumb Code     0  startup_stm32f10x_md.o(.text)
    USB_LP_CAN1_RX0_IRQHandler               0x0800011b   Thumb Code     0  startup_stm32f10x_md.o(.text)
    WWDG_IRQHandler                          0x0800011b   Thumb Code     0  startup_stm32f10x_md.o(.text)
    strncmp                                  0x08000125   Thumb Code    30  strncmp.o(.text)
    __aeabi_fadd                             0x08000143   Thumb Code   164  fadd.o(.text)
    __aeabi_fsub                             0x080001e7   Thumb Code     6  fadd.o(.text)
    __aeabi_frsub                            0x080001ed   Thumb Code     6  fadd.o(.text)
    __aeabi_fmul                             0x080001f3   Thumb Code   100  fmul.o(.text)
    __aeabi_fdiv                             0x08000257   Thumb Code   124  fdiv.o(.text)
    __aeabi_i2f                              0x080002d3   Thumb Code    18  fflti.o(.text)
    __aeabi_ui2f                             0x080002e5   Thumb Code    10  ffltui.o(.text)
    __aeabi_f2iz                             0x080002ef   Thumb Code    50  ffixi.o(.text)
    __aeabi_f2d                              0x08000321   Thumb Code    38  f2d.o(.text)
    __aeabi_d2f                              0x08000347   Thumb Code    56  d2f.o(.text)
    __aeabi_cfcmpeq                          0x08000381   Thumb Code     0  cfcmple.o(.text)
    __aeabi_cfcmple                          0x08000381   Thumb Code    20  cfcmple.o(.text)
    __aeabi_cfrcmple                         0x08000395   Thumb Code    20  cfrcmple.o(.text)
    __aeabi_uidiv                            0x080003a9   Thumb Code     0  uidiv.o(.text)
    __aeabi_uidivmod                         0x080003a9   Thumb Code    44  uidiv.o(.text)
    __aeabi_uldivmod                         0x080003d5   Thumb Code    98  uldiv.o(.text)
    __I$use$fp                               0x08000437   Thumb Code     0  iusefp.o(.text)
    _float_round                             0x08000437   Thumb Code    18  fepilogue.o(.text)
    _float_epilogue                          0x08000449   Thumb Code    92  fepilogue.o(.text)
    __aeabi_dadd                             0x080004a5   Thumb Code   322  dadd.o(.text)
    __aeabi_dsub                             0x080005e7   Thumb Code     6  dadd.o(.text)
    __aeabi_drsub                            0x080005ed   Thumb Code     6  dadd.o(.text)
    __aeabi_dmul                             0x080005f3   Thumb Code   228  dmul.o(.text)
    __aeabi_ddiv                             0x080006d7   Thumb Code   222  ddiv.o(.text)
    _dsqrt                                   0x080007b5   Thumb Code   162  dsqrt.o(.text)
    __aeabi_d2ulz                            0x08000857   Thumb Code    48  dfixul.o(.text)
    __aeabi_cdrcmple                         0x08000889   Thumb Code    48  cdrcmple.o(.text)
    __scatterload                            0x080008b9   Thumb Code    28  init.o(.text)
    __scatterload_rt2                        0x080008b9   Thumb Code     0  init.o(.text)
    __aeabi_llsl                             0x080008dd   Thumb Code    30  llshl.o(.text)
    _ll_shift_l                              0x080008dd   Thumb Code     0  llshl.o(.text)
    __aeabi_llsr                             0x080008fb   Thumb Code    32  llushr.o(.text)
    _ll_ushift_r                             0x080008fb   Thumb Code     0  llushr.o(.text)
    __aeabi_lasr                             0x0800091b   Thumb Code    36  llsshr.o(.text)
    _ll_sshift_r                             0x0800091b   Thumb Code     0  llsshr.o(.text)
    _double_round                            0x0800093f   Thumb Code    30  depilogue.o(.text)
    _double_epilogue                         0x0800095d   Thumb Code   156  depilogue.o(.text)
    __decompress                             0x080009f9   Thumb Code     0  __dczerorl2.o(.text)
    __decompress1                            0x080009f9   Thumb Code    86  __dczerorl2.o(.text)
    ADC_Cmd                                  0x08000a4f   Thumb Code    22  stm32f10x_adc.o(i.ADC_Cmd)
    ADC_Configuration                        0x08000a65   Thumb Code   312  measure.o(i.ADC_Configuration)
    ADC_DMACmd                               0x08000bb9   Thumb Code    22  stm32f10x_adc.o(i.ADC_DMACmd)
    ADC_DeInit                               0x08000bd1   Thumb Code    78  stm32f10x_adc.o(i.ADC_DeInit)
    ADC_GetCalibrationStatus                 0x08000c2d   Thumb Code    20  stm32f10x_adc.o(i.ADC_GetCalibrationStatus)
    ADC_GetResetCalibrationStatus            0x08000c41   Thumb Code    20  stm32f10x_adc.o(i.ADC_GetResetCalibrationStatus)
    ADC_Init                                 0x08000c55   Thumb Code    70  stm32f10x_adc.o(i.ADC_Init)
    ADC_RegularChannelConfig                 0x08000ca5   Thumb Code   184  stm32f10x_adc.o(i.ADC_RegularChannelConfig)
    ADC_ResetCalibration                     0x08000d5d   Thumb Code    10  stm32f10x_adc.o(i.ADC_ResetCalibration)
    ADC_SoftwareStartConvCmd                 0x08000d67   Thumb Code    22  stm32f10x_adc.o(i.ADC_SoftwareStartConvCmd)
    ADC_StartCalibration                     0x08000d7d   Thumb Code    10  stm32f10x_adc.o(i.ADC_StartCalibration)
    BusFault_Handler                         0x08000d87   Thumb Code     4  stm32f10x_it.o(i.BusFault_Handler)
    DMA_Cmd                                  0x08000d8b   Thumb Code    24  stm32f10x_dma.o(i.DMA_Cmd)
    DMA_DeInit                               0x08000da5   Thumb Code   324  stm32f10x_dma.o(i.DMA_DeInit)
    DMA_Init                                 0x08000ef1   Thumb Code    60  stm32f10x_dma.o(i.DMA_Init)
    DebugMon_Handler                         0x08000f2d   Thumb Code     2  stm32f10x_it.o(i.DebugMon_Handler)
    GPIO_Configuration                       0x08000f31   Thumb Code    34  main.o(i.GPIO_Configuration)
    GPIO_Init                                0x08000f5d   Thumb Code   278  stm32f10x_gpio.o(i.GPIO_Init)
    GPIO_StructInit                          0x08001073   Thumb Code    16  stm32f10x_gpio.o(i.GPIO_StructInit)
    HardFault_Handler                        0x08001083   Thumb Code     4  stm32f10x_it.o(i.HardFault_Handler)
    I2C_CheckEvent                           0x08001087   Thumb Code    42  stm32f10x_i2c.o(i.I2C_CheckEvent)
    I2C_Cmd                                  0x080010b1   Thumb Code    24  stm32f10x_i2c.o(i.I2C_Cmd)
    I2C_GenerateSTART                        0x080010c9   Thumb Code    24  stm32f10x_i2c.o(i.I2C_GenerateSTART)
    I2C_GenerateSTOP                         0x080010e1   Thumb Code    24  stm32f10x_i2c.o(i.I2C_GenerateSTOP)
    I2C_GetFlagStatus                        0x080010f9   Thumb Code    58  stm32f10x_i2c.o(i.I2C_GetFlagStatus)
    I2C_Init                                 0x08001135   Thumb Code   222  stm32f10x_i2c.o(i.I2C_Init)
    I2C_LowLevel_Init                        0x08001221   Thumb Code   200  i2c.o(i.I2C_LowLevel_Init)
    I2C_Send7bitAddress                      0x080012f1   Thumb Code    18  stm32f10x_i2c.o(i.I2C_Send7bitAddress)
    I2C_SendData                             0x08001303   Thumb Code     4  stm32f10x_i2c.o(i.I2C_SendData)
    I2C_StructInit                           0x08001307   Thumb Code    30  stm32f10x_i2c.o(i.I2C_StructInit)
    I2C_Write                                0x08001325   Thumb Code   266  i2c.o(i.I2C_Write)
    MemManage_Handler                        0x08001441   Thumb Code     4  stm32f10x_it.o(i.MemManage_Handler)
    NMI_Handler                              0x08001445   Thumb Code     2  stm32f10x_it.o(i.NMI_Handler)
    NVIC_Init                                0x08001449   Thumb Code   100  misc.o(i.NVIC_Init)
    NVIC_PriorityGroupConfig                 0x080014b9   Thumb Code    10  misc.o(i.NVIC_PriorityGroupConfig)
    PF_cal                                   0x080014cd   Thumb Code    38  measure.o(i.PF_cal)
    P_CAL                                    0x080014f3   Thumb Code    90  measure.o(i.P_CAL)
    PendSV_Handler                           0x0800154d   Thumb Code     2  stm32f10x_it.o(i.PendSV_Handler)
    RCC_AHBPeriphClockCmd                    0x08001551   Thumb Code    26  stm32f10x_rcc.o(i.RCC_AHBPeriphClockCmd)
    RCC_APB1PeriphClockCmd                   0x08001571   Thumb Code    26  stm32f10x_rcc.o(i.RCC_APB1PeriphClockCmd)
    RCC_APB1PeriphResetCmd                   0x08001591   Thumb Code    26  stm32f10x_rcc.o(i.RCC_APB1PeriphResetCmd)
    RCC_APB2PeriphClockCmd                   0x080015b1   Thumb Code    26  stm32f10x_rcc.o(i.RCC_APB2PeriphClockCmd)
    RCC_APB2PeriphResetCmd                   0x080015d1   Thumb Code    26  stm32f10x_rcc.o(i.RCC_APB2PeriphResetCmd)
    RCC_GetClocksFreq                        0x080015f1   Thumb Code   192  stm32f10x_rcc.o(i.RCC_GetClocksFreq)
    RMS_cal                                  0x080016c5   Thumb Code    88  measure.o(i.RMS_cal)
    SVC_Handler                              0x0800171d   Thumb Code     2  stm32f10x_it.o(i.SVC_Handler)
    SysTick_Handler                          0x08001809   Thumb Code     2  stm32f10x_it.o(i.SysTick_Handler)
    SystemInit                               0x0800180d   Thumb Code    78  system_stm32f10x.o(i.SystemInit)
    TIM4_Configuration                       0x0800186d   Thumb Code    80  measure.o(i.TIM4_Configuration)
    TIM_Cmd                                  0x080018c9   Thumb Code    24  stm32f10x_tim.o(i.TIM_Cmd)
    TIM_PrescalerConfig                      0x080018e1   Thumb Code     6  stm32f10x_tim.o(i.TIM_PrescalerConfig)
    TIM_SetCounter                           0x080018e7   Thumb Code     4  stm32f10x_tim.o(i.TIM_SetCounter)
    TIM_TimeBaseInit                         0x080018ed   Thumb Code   122  stm32f10x_tim.o(i.TIM_TimeBaseInit)
    TIM_TimeBaseStructInit                   0x08001991   Thumb Code    18  stm32f10x_tim.o(i.TIM_TimeBaseStructInit)
    UART_Configuration                       0x080019a5   Thumb Code   136  main.o(i.UART_Configuration)
    USART1_IRQHandler                        0x08001a41   Thumb Code    90  stm32f10x_it.o(i.USART1_IRQHandler)
    USART_Cmd                                0x08001ab1   Thumb Code    24  stm32f10x_usart.o(i.USART_Cmd)
    USART_GetFlagStatus                      0x08001ac9   Thumb Code    26  stm32f10x_usart.o(i.USART_GetFlagStatus)
    USART_GetITStatus                        0x08001ae3   Thumb Code    84  stm32f10x_usart.o(i.USART_GetITStatus)
    USART_ITConfig                           0x08001b37   Thumb Code    74  stm32f10x_usart.o(i.USART_ITConfig)
    USART_Init                               0x08001b81   Thumb Code   210  stm32f10x_usart.o(i.USART_Init)
    USART_ReceiveData                        0x08001c59   Thumb Code    10  stm32f10x_usart.o(i.USART_ReceiveData)
    USART_SendData                           0x08001c63   Thumb Code     8  stm32f10x_usart.o(i.USART_SendData)
    UsageFault_Handler                       0x08001c6b   Thumb Code     4  stm32f10x_it.o(i.UsageFault_Handler)
    __0printf                                0x08001c71   Thumb Code    22  printfa.o(i.__0printf)
    __1printf                                0x08001c71   Thumb Code     0  printfa.o(i.__0printf)
    __2printf                                0x08001c71   Thumb Code     0  printfa.o(i.__0printf)
    __c89printf                              0x08001c71   Thumb Code     0  printfa.o(i.__0printf)
    printf                                   0x08001c71   Thumb Code     0  printfa.o(i.__0printf)
    __0sprintf                               0x08001c91   Thumb Code    34  printfa.o(i.__0sprintf)
    __1sprintf                               0x08001c91   Thumb Code     0  printfa.o(i.__0sprintf)
    __2sprintf                               0x08001c91   Thumb Code     0  printfa.o(i.__0sprintf)
    __c89sprintf                             0x08001c91   Thumb Code     0  printfa.o(i.__0sprintf)
    sprintf                                  0x08001c91   Thumb Code     0  printfa.o(i.__0sprintf)
    __scatterload_copy                       0x08001cb9   Thumb Code    14  handlers.o(i.__scatterload_copy)
    __scatterload_null                       0x08001cc7   Thumb Code     2  handlers.o(i.__scatterload_null)
    __scatterload_zeroinit                   0x08001cc9   Thumb Code    14  handlers.o(i.__scatterload_zeroinit)
    __set_errno                              0x08001cd9   Thumb Code     6  errno.o(i.__set_errno)
    avr_data                                 0x080025a1   Thumb Code   204  measure.o(i.avr_data)
    convert_adc                              0x08002685   Thumb Code    38  measure.o(i.convert_adc)
    delay_init                               0x080026ad   Thumb Code    82  u8g_arm.o(i.delay_init)
    delay_micro_seconds                      0x08002709   Thumb Code    28  u8g_arm.o(i.delay_micro_seconds)
    display                                  0x08002725   Thumb Code   348  display.o(i.display)
    display_init                             0x08002919   Thumb Code    14  display.o(i.display_init)
    fputc                                    0x08002935   Thumb Code    32  main.o(i.fputc)
    getdata_time                             0x08002959   Thumb Code   236  measure.o(i.getdata_time)
    main                                     0x08002a59   Thumb Code   104  main.o(i.main)
    measure_data_AC                          0x08002ac9   Thumb Code   824  measure.o(i.measure_data_AC)
    measure_init                             0x08002e3d   Thumb Code    48  measure.o(i.measure_init)
    read_adc                                 0x08002e81   Thumb Code    32  measure.o(i.read_adc)
    send_data                                0x08002ea5   Thumb Code   192  measure.o(i.send_data)
    sqrt                                     0x08002f85   Thumb Code    76  sqrt.o(i.sqrt)
    u8g_10MicroDelay                         0x08002fd1   Thumb Code    10  u8g_arm.o(i.u8g_10MicroDelay)
    u8g_Begin                                0x08002fdb   Thumb Code    28  u8g_ll_api.o(i.u8g_Begin)
    u8g_Delay                                0x0800305f   Thumb Code    18  u8g_arm.o(i.u8g_Delay)
    u8g_Draw8Pixel                           0x08003071   Thumb Code    36  u8g_ll_api.o(i.u8g_Draw8Pixel)
    u8g_Draw8PixelLL                         0x08003095   Thumb Code    48  u8g_ll_api.o(i.u8g_Draw8PixelLL)
    u8g_DrawStr180                           0x080030c5   Thumb Code    72  u8g_font.o(i.u8g_DrawStr180)
    u8g_FirstPage                            0x0800311d   Thumb Code    14  u8g_ll_api.o(i.u8g_FirstPage)
    u8g_FirstPageLL                          0x0800312b   Thumb Code    52  u8g_ll_api.o(i.u8g_FirstPageLL)
    u8g_GetGlyph                             0x0800315f   Thumb Code   196  u8g_font.o(i.u8g_GetGlyph)
    u8g_GetHeightLL                          0x08003223   Thumb Code    24  u8g_ll_api.o(i.u8g_GetHeightLL)
    u8g_GetModeLL                            0x0800323b   Thumb Code    20  u8g_ll_api.o(i.u8g_GetModeLL)
    u8g_GetWidthLL                           0x0800324f   Thumb Code    24  u8g_ll_api.o(i.u8g_GetWidthLL)
    u8g_InitCom                              0x08003267   Thumb Code    26  u8g_com_api.o(i.u8g_InitCom)
    u8g_InitComFn                            0x08003281   Thumb Code    28  u8g_ll_api.o(i.u8g_InitComFn)
    u8g_InitLL                               0x0800329d   Thumb Code    42  u8g_ll_api.o(i.u8g_InitLL)
    u8g_IsBBXIntersection                    0x080032c7   Thumb Code    82  u8g_clip.o(i.u8g_IsBBXIntersection)
    u8g_MicroDelay                           0x08003319   Thumb Code    10  u8g_arm.o(i.u8g_MicroDelay)
    u8g_NextPage                             0x08003323   Thumb Code    24  u8g_ll_api.o(i.u8g_NextPage)
    u8g_NextPageLL                           0x0800333b   Thumb Code    58  u8g_ll_api.o(i.u8g_NextPageLL)
    u8g_SetAddress                           0x08003375   Thumb Code    26  u8g_com_api.o(i.u8g_SetAddress)
    u8g_SetChipSelect                        0x0800338f   Thumb Code    26  u8g_com_api.o(i.u8g_SetChipSelect)
    u8g_SetColorIndex                        0x080033a9   Thumb Code     6  u8g_ll_api.o(i.u8g_SetColorIndex)
    u8g_SetFont                              0x080033af   Thumb Code    28  u8g_font.o(i.u8g_SetFont)
    u8g_SetFontPosBaseline                   0x080033cd   Thumb Code     6  u8g_font.o(i.u8g_SetFontPosBaseline)
    u8g_SetResetHigh                         0x080033d9   Thumb Code    20  u8g_com_api.o(i.u8g_SetResetHigh)
    u8g_SetResetLow                          0x080033ed   Thumb Code    20  u8g_com_api.o(i.u8g_SetResetLow)
    u8g_UpdateDimension                      0x08003401   Thumb Code    50  u8g_ll_api.o(i.u8g_UpdateDimension)
    u8g_UpdateRefHeight                      0x08003433   Thumb Code   128  u8g_font.o(i.u8g_UpdateRefHeight)
    u8g_WriteByte                            0x080034b3   Thumb Code    26  u8g_com_api.o(i.u8g_WriteByte)
    u8g_WriteEscSeqP                         0x080034cd   Thumb Code   190  u8g_com_api.o(i.u8g_WriteEscSeqP)
    u8g_WriteSequence                        0x0800358b   Thumb Code    30  u8g_com_api.o(i.u8g_WriteSequence)
    u8g_call_dev_fn                          0x080035a9   Thumb Code    30  u8g_ll_api.o(i.u8g_call_dev_fn)
    u8g_com_hw_i2c_fn                        0x080035c9   Thumb Code   160  u8g_arm.o(i.u8g_com_hw_i2c_fn)
    u8g_com_null_fn                          0x08003675   Thumb Code    36  u8g_com_null.o(i.u8g_com_null_fn)
    u8g_dev_pb16v1_base_fn                   0x08003699   Thumb Code   182  u8g_pb16v1.o(i.u8g_dev_pb16v1_base_fn)
    u8g_dev_pb8v1_base_fn                    0x0800374f   Thumb Code   182  u8g_pb8v1.o(i.u8g_dev_pb8v1_base_fn)
    u8g_dev_sh1106_128x64_2x_fn              0x08003805   Thumb Code   240  u8g_dev_ssd1306_128x64.o(i.u8g_dev_sh1106_128x64_2x_fn)
    u8g_dev_sh1106_128x64_fn                 0x08003905   Thumb Code   172  u8g_dev_ssd1306_128x64.o(i.u8g_dev_sh1106_128x64_fn)
    u8g_dev_ssd1306_128x64_2x_fn             0x080039c1   Thumb Code   240  u8g_dev_ssd1306_128x64.o(i.u8g_dev_ssd1306_128x64_2x_fn)
    u8g_dev_ssd1306_128x64_fn                0x08003ac1   Thumb Code   172  u8g_dev_ssd1306_128x64.o(i.u8g_dev_ssd1306_128x64_fn)
    u8g_dev_ssd1306_adafruit_128x64_fn       0x08003b7d   Thumb Code   172  u8g_dev_ssd1306_128x64.o(i.u8g_dev_ssd1306_adafruit_128x64_fn)
    u8g_draw_glyph180                        0x08003c39   Thumb Code   210  u8g_font.o(i.u8g_draw_glyph180)
    u8g_font_GetCapitalAHeight               0x08003d0b   Thumb Code    14  u8g_font.o(i.u8g_font_GetCapitalAHeight)
    u8g_font_GetEncoding65Pos                0x08003d19   Thumb Code    14  u8g_font.o(i.u8g_font_GetEncoding65Pos)
    u8g_font_GetEncoding97Pos                0x08003d27   Thumb Code    14  u8g_font.o(i.u8g_font_GetEncoding97Pos)
    u8g_font_GetFontAscent                   0x08003d35   Thumb Code    16  u8g_font.o(i.u8g_font_GetFontAscent)
    u8g_font_GetFontDescent                  0x08003d45   Thumb Code    16  u8g_font.o(i.u8g_font_GetFontDescent)
    u8g_font_GetFontEndEncoding              0x08003d55   Thumb Code    14  u8g_font.o(i.u8g_font_GetFontEndEncoding)
    u8g_font_GetFontStartEncoding            0x08003d89   Thumb Code    14  u8g_font.o(i.u8g_font_GetFontStartEncoding)
    u8g_font_GetFontXAscent                  0x08003d97   Thumb Code    16  u8g_font.o(i.u8g_font_GetFontXAscent)
    u8g_font_GetFontXDescent                 0x08003da7   Thumb Code    16  u8g_font.o(i.u8g_font_GetFontXDescent)
    u8g_font_GetLowerGDescent                0x08003dd5   Thumb Code    16  u8g_font.o(i.u8g_font_GetLowerGDescent)
    u8g_font_calc_vref_font                  0x08003de5   Thumb Code     6  u8g_font.o(i.u8g_font_calc_vref_font)
    u8g_page_First                           0x08003e85   Thumb Code    20  u8g_page.o(i.u8g_page_First)
    u8g_page_Next                            0x08003e99   Thumb Code    54  u8g_page.o(i.u8g_page_Next)
    u8g_pb16v1_Clear                         0x08003ecf   Thumb Code    26  u8g_pb16v1.o(i.u8g_pb16v1_Clear)
    u8g_pb16v1_Set8PixelOpt2                 0x08003ee9   Thumb Code    98  u8g_pb16v1.o(i.u8g_pb16v1_Set8PixelOpt2)
    u8g_pb16v1_SetPixel                      0x08003f4b   Thumb Code    52  u8g_pb16v1.o(i.u8g_pb16v1_SetPixel)
    u8g_pb16v1_set_pixel                     0x08003f7f   Thumb Code    58  u8g_pb16v1.o(i.u8g_pb16v1_set_pixel)
    u8g_pb8v1_Set8PixelOpt2                  0x08003fb9   Thumb Code    98  u8g_pb8v1.o(i.u8g_pb8v1_Set8PixelOpt2)
    u8g_pb8v1_SetPixel                       0x0800401b   Thumb Code    52  u8g_pb8v1.o(i.u8g_pb8v1_SetPixel)
    u8g_pb8v1_set_pixel                      0x0800404f   Thumb Code    50  u8g_pb8v1.o(i.u8g_pb8v1_set_pixel)
    u8g_pb_Clear                             0x08004081   Thumb Code    24  u8g_pb.o(i.u8g_pb_Clear)
    u8g_pb_GetPageBox                        0x08004099   Thumb Code    24  u8g_pb.o(i.u8g_pb_GetPageBox)
    u8g_pb_Is8PixelVisible                   0x080040b1   Thumb Code    62  u8g_pb.o(i.u8g_pb_Is8PixelVisible)
    u8g_pb_IsYIntersection                   0x080040ef   Thumb Code    64  u8g_pb.o(i.u8g_pb_IsYIntersection)
    u8g_pb_WriteBuffer                       0x0800412f   Thumb Code    22  u8g_pb.o(i.u8g_pb_WriteBuffer)
    u8g_state_dummy_cb                       0x08004145   Thumb Code     2  u8g_state.o(i.u8g_state_dummy_cb)
    u8g_font_profont10                       0x08004201   Data        2560  u8g_font_data.o(.constdata)
    u8g_font_profont10r                      0x08004c01   Data        1106  u8g_font_data.o(.constdata)
    Region$$Table$$Base                      0x080050d4   Number         0  anon$$obj.o(Region$$Table)
    Region$$Table$$Limit                     0x080050f4   Number         0  anon$$obj.o(Region$$Table)
    NVIC_InitStructure                       0x20000014   Data           4  main.o(.data)
    I1                                       0x20000018   Data           4  main.o(.data)
    I2                                       0x2000001c   Data           4  main.o(.data)
    U2                                       0x20000020   Data           4  main.o(.data)
    f                                        0x20000024   Data           4  main.o(.data)
    P1                                       0x20000028   Data           4  main.o(.data)
    P2                                       0x2000002c   Data           4  main.o(.data)
    PF                                       0x20000030   Data           4  main.o(.data)
    check                                    0x20000034   Data           5  stm32f10x_it.o(.data)
    state                                    0x20000039   Data           1  stm32f10x_it.o(.data)
    cmd_buf                                  0x2000003a   Data           8  stm32f10x_it.o(.data)
    RxCounter1                               0x20000044   Data           4  stm32f10x_it.o(.data)
    SystemCoreClock                          0x20000048   Data           4  system_stm32f10x.o(.data)
    AHBPrescTable                            0x2000004c   Data          16  system_stm32f10x.o(.data)
    control                                  0x2000005c   Data           1  u8g_arm.o(.data)
    GPIO_InitStructure                       0x20000060   Data           4  measure.o(.data)
    k                                        0x20000064   Data           4  measure.o(.data)
    timeout                                  0x20000068   Data           4  measure.o(.data)
    r                                        0x2000006c   Data           4  measure.o(.data)
    ADC1ConvertedValue                       0x20000070   Data           6  measure.o(.data)
    u8g_dev_ssd1306_128x64_sw_spi_pb         0x20000078   Data          12  u8g_dev_ssd1306_128x64.o(.data)
    u8g_dev_ssd1306_128x64_sw_spi            0x20000084   Data          12  u8g_dev_ssd1306_128x64.o(.data)
    u8g_dev_ssd1306_128x64_hw_spi_pb         0x20000090   Data          12  u8g_dev_ssd1306_128x64.o(.data)
    u8g_dev_ssd1306_128x64_hw_spi            0x2000009c   Data          12  u8g_dev_ssd1306_128x64.o(.data)
    u8g_dev_ssd1306_128x64_i2c_pb            0x200000a8   Data          12  u8g_dev_ssd1306_128x64.o(.data)
    u8g_dev_ssd1306_128x64_i2c               0x200000b4   Data          12  u8g_dev_ssd1306_128x64.o(.data)
    u8g_dev_ssd1306_adafruit_128x64_sw_spi_pb 0x200000c0   Data          12  u8g_dev_ssd1306_128x64.o(.data)
    u8g_dev_ssd1306_adafruit_128x64_sw_spi   0x200000cc   Data          12  u8g_dev_ssd1306_128x64.o(.data)
    u8g_dev_ssd1306_adafruit_128x64_hw_spi_pb 0x200000d8   Data          12  u8g_dev_ssd1306_128x64.o(.data)
    u8g_dev_ssd1306_adafruit_128x64_hw_spi   0x200000e4   Data          12  u8g_dev_ssd1306_128x64.o(.data)
    u8g_dev_ssd1306_adafruit_128x64_i2c_pb   0x200000f0   Data          12  u8g_dev_ssd1306_128x64.o(.data)
    u8g_dev_ssd1306_adafruit_128x64_i2c      0x200000fc   Data          12  u8g_dev_ssd1306_128x64.o(.data)
    u8g_dev_ssd1306_128x64_2x_pb             0x20000108   Data          12  u8g_dev_ssd1306_128x64.o(.data)
    u8g_dev_ssd1306_128x64_2x_sw_spi         0x20000114   Data          12  u8g_dev_ssd1306_128x64.o(.data)
    u8g_dev_ssd1306_128x64_2x_hw_spi         0x20000120   Data          12  u8g_dev_ssd1306_128x64.o(.data)
    u8g_dev_ssd1306_128x64_2x_i2c            0x2000012c   Data          12  u8g_dev_ssd1306_128x64.o(.data)
    u8g_dev_sh1106_128x64_sw_spi_pb          0x20000138   Data          12  u8g_dev_ssd1306_128x64.o(.data)
    u8g_dev_sh1106_128x64_sw_spi             0x20000144   Data          12  u8g_dev_ssd1306_128x64.o(.data)
    u8g_dev_sh1106_128x64_hw_spi_pb          0x20000150   Data          12  u8g_dev_ssd1306_128x64.o(.data)
    u8g_dev_sh1106_128x64_hw_spi             0x2000015c   Data          12  u8g_dev_ssd1306_128x64.o(.data)
    u8g_dev_sh1106_128x64_i2c_pb             0x20000168   Data          12  u8g_dev_ssd1306_128x64.o(.data)
    u8g_dev_sh1106_128x64_i2c                0x20000174   Data          12  u8g_dev_ssd1306_128x64.o(.data)
    u8g_dev_sh1106_128x64_2x_pb              0x20000180   Data          12  u8g_dev_ssd1306_128x64.o(.data)
    u8g_dev_sh1106_128x64_2x_sw_spi          0x2000018c   Data          12  u8g_dev_ssd1306_128x64.o(.data)
    u8g_dev_sh1106_128x64_2x_hw_spi          0x20000198   Data          12  u8g_dev_ssd1306_128x64.o(.data)
    u8g_dev_sh1106_128x64_2x_i2c             0x200001a4   Data          12  u8g_dev_ssd1306_128x64.o(.data)
    __stdout                                 0x200001b0   Data           4  stdout.o(.data)
    UART_InitStructure                       0x200001b8   Data          16  main.o(.bss)
    TIM_InitStructure                        0x200001c8   Data          10  main.o(.bss)
    ADC1_InitStructure                       0x200001d4   Data          20  measure.o(.bss)
    DMA_InitStruct                           0x200001e8   Data          44  measure.o(.bss)
    ct1                                      0x20000214   Data        3012  measure.o(.bss)
    ct2                                      0x20000dd8   Data        3012  measure.o(.bss)
    vtac                                     0x2000199c   Data        3024  measure.o(.bss)
    p1                                       0x2000256c   Data          16  measure.o(.bss)
    p2                                       0x2000257c   Data          16  measure.o(.bss)
    u8g_dev_ssd1306_128x64_sw_spi_buf        0x200025c8   Data         128  u8g_dev_ssd1306_128x64.o(.bss)
    u8g_dev_ssd1306_128x64_hw_spi_buf        0x20002648   Data         128  u8g_dev_ssd1306_128x64.o(.bss)
    u8g_dev_ssd1306_128x64_i2c_buf           0x200026c8   Data         128  u8g_dev_ssd1306_128x64.o(.bss)
    u8g_dev_ssd1306_adafruit_128x64_sw_spi_buf 0x20002748   Data         128  u8g_dev_ssd1306_128x64.o(.bss)
    u8g_dev_ssd1306_adafruit_128x64_hw_spi_buf 0x200027c8   Data         128  u8g_dev_ssd1306_128x64.o(.bss)
    u8g_dev_ssd1306_adafruit_128x64_i2c_buf  0x20002848   Data         128  u8g_dev_ssd1306_128x64.o(.bss)
    u8g_dev_ssd1306_128x64_2x_buf            0x200028c8   Data         256  u8g_dev_ssd1306_128x64.o(.bss)
    u8g_dev_sh1106_128x64_sw_spi_buf         0x200029c8   Data         128  u8g_dev_ssd1306_128x64.o(.bss)
    u8g_dev_sh1106_128x64_hw_spi_buf         0x20002a48   Data         128  u8g_dev_ssd1306_128x64.o(.bss)
    u8g_dev_sh1106_128x64_i2c_buf            0x20002ac8   Data         128  u8g_dev_ssd1306_128x64.o(.bss)
    u8g_dev_sh1106_128x64_2x_buf             0x20002b48   Data         256  u8g_dev_ssd1306_128x64.o(.bss)
    __initial_sp                             0x20003048   Data           0  startup_stm32f10x_md.o(STACK)



==============================================================================

Memory Map of the image

  Image Entry point : 0x080000ed

  Load Region LR_IROM1 (Base: 0x08000000, Size: 0x000052ac, Max: 0x00010000, ABSOLUTE, COMPRESSED[0x00005184])

    Execution Region ER_IROM1 (Exec base: 0x08000000, Load base: 0x08000000, Size: 0x000050f4, Max: 0x00010000, ABSOLUTE)

    Exec Addr    Load Addr    Size         Type   Attr      Idx    E Section Name        Object

    0x08000000   0x08000000   0x000000ec   Data   RO         1582    RESET               startup_stm32f10x_md.o
    0x080000ec   0x080000ec   0x00000000   Code   RO         4710  * .ARM.Collect$$$$00000000  mc_w.l(entry.o)
    0x080000ec   0x080000ec   0x00000004   Code   RO         4996    .ARM.Collect$$$$00000001  mc_w.l(entry2.o)
    0x080000f0   0x080000f0   0x00000004   Code   RO         4999    .ARM.Collect$$$$00000004  mc_w.l(entry5.o)
    0x080000f4   0x080000f4   0x00000000   Code   RO         5001    .ARM.Collect$$$$00000008  mc_w.l(entry7b.o)
    0x080000f4   0x080000f4   0x00000000   Code   RO         5003    .ARM.Collect$$$$0000000A  mc_w.l(entry8b.o)
    0x080000f4   0x080000f4   0x00000008   Code   RO         5004    .ARM.Collect$$$$0000000B  mc_w.l(entry9a.o)
    0x080000fc   0x080000fc   0x00000000   Code   RO         5006    .ARM.Collect$$$$0000000D  mc_w.l(entry10a.o)
    0x080000fc   0x080000fc   0x00000000   Code   RO         5008    .ARM.Collect$$$$0000000F  mc_w.l(entry11a.o)
    0x080000fc   0x080000fc   0x00000004   Code   RO         4997    .ARM.Collect$$$$00002712  mc_w.l(entry2.o)
    0x08000100   0x08000100   0x00000024   Code   RO         1583    .text               startup_stm32f10x_md.o
    0x08000124   0x08000124   0x0000001e   Code   RO         4713    .text               mc_w.l(strncmp.o)
    0x08000142   0x08000142   0x000000b0   Code   RO         4976    .text               mf_w.l(fadd.o)
    0x080001f2   0x080001f2   0x00000064   Code   RO         4978    .text               mf_w.l(fmul.o)
    0x08000256   0x08000256   0x0000007c   Code   RO         4980    .text               mf_w.l(fdiv.o)
    0x080002d2   0x080002d2   0x00000012   Code   RO         4982    .text               mf_w.l(fflti.o)
    0x080002e4   0x080002e4   0x0000000a   Code   RO         4984    .text               mf_w.l(ffltui.o)
    0x080002ee   0x080002ee   0x00000032   Code   RO         4986    .text               mf_w.l(ffixi.o)
    0x08000320   0x08000320   0x00000026   Code   RO         4988    .text               mf_w.l(f2d.o)
    0x08000346   0x08000346   0x00000038   Code   RO         4990    .text               mf_w.l(d2f.o)
    0x0800037e   0x0800037e   0x00000002   PAD
    0x08000380   0x08000380   0x00000014   Code   RO         4992    .text               mf_w.l(cfcmple.o)
    0x08000394   0x08000394   0x00000014   Code   RO         4994    .text               mf_w.l(cfrcmple.o)
    0x080003a8   0x080003a8   0x0000002c   Code   RO         5011    .text               mc_w.l(uidiv.o)
    0x080003d4   0x080003d4   0x00000062   Code   RO         5013    .text               mc_w.l(uldiv.o)
    0x08000436   0x08000436   0x00000000   Code   RO         5022    .text               mc_w.l(iusefp.o)
    0x08000436   0x08000436   0x0000006e   Code   RO         5023    .text               mf_w.l(fepilogue.o)
    0x080004a4   0x080004a4   0x0000014e   Code   RO         5025    .text               mf_w.l(dadd.o)
    0x080005f2   0x080005f2   0x000000e4   Code   RO         5027    .text               mf_w.l(dmul.o)
    0x080006d6   0x080006d6   0x000000de   Code   RO         5029    .text               mf_w.l(ddiv.o)
    0x080007b4   0x080007b4   0x000000a2   Code   RO         5031    .text               mf_w.l(dsqrt.o)
    0x08000856   0x08000856   0x00000030   Code   RO         5033    .text               mf_w.l(dfixul.o)
    0x08000886   0x08000886   0x00000002   PAD
    0x08000888   0x08000888   0x00000030   Code   RO         5037    .text               mf_w.l(cdrcmple.o)
    0x080008b8   0x080008b8   0x00000024   Code   RO         5039    .text               mc_w.l(init.o)
    0x080008dc   0x080008dc   0x0000001e   Code   RO         5041    .text               mc_w.l(llshl.o)
    0x080008fa   0x080008fa   0x00000020   Code   RO         5043    .text               mc_w.l(llushr.o)
    0x0800091a   0x0800091a   0x00000024   Code   RO         5045    .text               mc_w.l(llsshr.o)
    0x0800093e   0x0800093e   0x000000ba   Code   RO         5047    .text               mf_w.l(depilogue.o)
    0x080009f8   0x080009f8   0x00000056   Code   RO         5057    .text               mc_w.l(__dczerorl2.o)
    0x08000a4e   0x08000a4e   0x00000016   Code   RO          131    i.ADC_Cmd           stm32f10x_adc.o
    0x08000a64   0x08000a64   0x00000154   Code   RO         2168    i.ADC_Configuration  measure.o
    0x08000bb8   0x08000bb8   0x00000016   Code   RO          132    i.ADC_DMACmd        stm32f10x_adc.o
    0x08000bce   0x08000bce   0x00000002   PAD
    0x08000bd0   0x08000bd0   0x0000005c   Code   RO          133    i.ADC_DeInit        stm32f10x_adc.o
    0x08000c2c   0x08000c2c   0x00000014   Code   RO          139    i.ADC_GetCalibrationStatus  stm32f10x_adc.o
    0x08000c40   0x08000c40   0x00000014   Code   RO          145    i.ADC_GetResetCalibrationStatus  stm32f10x_adc.o
    0x08000c54   0x08000c54   0x00000050   Code   RO          149    i.ADC_Init          stm32f10x_adc.o
    0x08000ca4   0x08000ca4   0x000000b8   Code   RO          153    i.ADC_RegularChannelConfig  stm32f10x_adc.o
    0x08000d5c   0x08000d5c   0x0000000a   Code   RO          154    i.ADC_ResetCalibration  stm32f10x_adc.o
    0x08000d66   0x08000d66   0x00000016   Code   RO          156    i.ADC_SoftwareStartConvCmd  stm32f10x_adc.o
    0x08000d7c   0x08000d7c   0x0000000a   Code   RO          158    i.ADC_StartCalibration  stm32f10x_adc.o
    0x08000d86   0x08000d86   0x00000004   Code   RO         1990    i.BusFault_Handler  stm32f10x_it.o
    0x08000d8a   0x08000d8a   0x00000018   Code   RO          349    i.DMA_Cmd           stm32f10x_dma.o
    0x08000da2   0x08000da2   0x00000002   PAD
    0x08000da4   0x08000da4   0x0000014c   Code   RO          350    i.DMA_DeInit        stm32f10x_dma.o
    0x08000ef0   0x08000ef0   0x0000003c   Code   RO          355    i.DMA_Init          stm32f10x_dma.o
    0x08000f2c   0x08000f2c   0x00000002   Code   RO         1991    i.DebugMon_Handler  stm32f10x_it.o
    0x08000f2e   0x08000f2e   0x00000002   PAD
    0x08000f30   0x08000f30   0x0000002c   Code   RO         1853    i.GPIO_Configuration  main.o
    0x08000f5c   0x08000f5c   0x00000116   Code   RO          479    i.GPIO_Init         stm32f10x_gpio.o
    0x08001072   0x08001072   0x00000010   Code   RO          488    i.GPIO_StructInit   stm32f10x_gpio.o
    0x08001082   0x08001082   0x00000004   Code   RO         1992    i.HardFault_Handler  stm32f10x_it.o
    0x08001086   0x08001086   0x0000002a   Code   RO         1650    i.I2C_CheckEvent    stm32f10x_i2c.o
    0x080010b0   0x080010b0   0x00000018   Code   RO         1653    i.I2C_Cmd           stm32f10x_i2c.o
    0x080010c8   0x080010c8   0x00000018   Code   RO         1660    i.I2C_GenerateSTART  stm32f10x_i2c.o
    0x080010e0   0x080010e0   0x00000018   Code   RO         1661    i.I2C_GenerateSTOP  stm32f10x_i2c.o
    0x080010f8   0x080010f8   0x0000003a   Code   RO         1662    i.I2C_GetFlagStatus  stm32f10x_i2c.o
    0x08001132   0x08001132   0x00000002   PAD
    0x08001134   0x08001134   0x000000ec   Code   RO         1667    i.I2C_Init          stm32f10x_i2c.o
    0x08001220   0x08001220   0x000000d0   Code   RO         2096    i.I2C_LowLevel_Init  i2c.o
    0x080012f0   0x080012f0   0x00000012   Code   RO         1674    i.I2C_Send7bitAddress  stm32f10x_i2c.o
    0x08001302   0x08001302   0x00000004   Code   RO         1675    i.I2C_SendData      stm32f10x_i2c.o
    0x08001306   0x08001306   0x0000001e   Code   RO         1678    i.I2C_StructInit    stm32f10x_i2c.o
    0x08001324   0x08001324   0x0000011c   Code   RO         2098    i.I2C_Write         i2c.o
    0x08001440   0x08001440   0x00000004   Code   RO         1993    i.MemManage_Handler  stm32f10x_it.o
    0x08001444   0x08001444   0x00000002   Code   RO         1994    i.NMI_Handler       stm32f10x_it.o
    0x08001446   0x08001446   0x00000002   PAD
    0x08001448   0x08001448   0x00000070   Code   RO            1    i.NVIC_Init         misc.o
    0x080014b8   0x080014b8   0x00000014   Code   RO            2    i.NVIC_PriorityGroupConfig  misc.o
    0x080014cc   0x080014cc   0x00000026   Code   RO         2169    i.PF_cal            measure.o
    0x080014f2   0x080014f2   0x0000005a   Code   RO         2170    i.P_CAL             measure.o
    0x0800154c   0x0800154c   0x00000002   Code   RO         1995    i.PendSV_Handler    stm32f10x_it.o
    0x0800154e   0x0800154e   0x00000002   PAD
    0x08001550   0x08001550   0x00000020   Code   RO         1370    i.RCC_AHBPeriphClockCmd  stm32f10x_rcc.o
    0x08001570   0x08001570   0x00000020   Code   RO         1371    i.RCC_APB1PeriphClockCmd  stm32f10x_rcc.o
    0x08001590   0x08001590   0x00000020   Code   RO         1372    i.RCC_APB1PeriphResetCmd  stm32f10x_rcc.o
    0x080015b0   0x080015b0   0x00000020   Code   RO         1373    i.RCC_APB2PeriphClockCmd  stm32f10x_rcc.o
    0x080015d0   0x080015d0   0x00000020   Code   RO         1374    i.RCC_APB2PeriphResetCmd  stm32f10x_rcc.o
    0x080015f0   0x080015f0   0x000000d4   Code   RO         1381    i.RCC_GetClocksFreq  stm32f10x_rcc.o
    0x080016c4   0x080016c4   0x00000058   Code   RO         2171    i.RMS_cal           measure.o
    0x0800171c   0x0800171c   0x00000002   Code   RO         1996    i.SVC_Handler       stm32f10x_it.o
    0x0800171e   0x0800171e   0x00000008   Code   RO         2062    i.SetSysClock       system_stm32f10x.o
    0x08001726   0x08001726   0x00000002   PAD
    0x08001728   0x08001728   0x000000e0   Code   RO         2063    i.SetSysClockTo72   system_stm32f10x.o
    0x08001808   0x08001808   0x00000002   Code   RO         1997    i.SysTick_Handler   stm32f10x_it.o
    0x0800180a   0x0800180a   0x00000002   PAD
    0x0800180c   0x0800180c   0x00000060   Code   RO         2065    i.SystemInit        system_stm32f10x.o
    0x0800186c   0x0800186c   0x0000005c   Code   RO         2172    i.TIM4_Configuration  measure.o
    0x080018c8   0x080018c8   0x00000018   Code   RO          603    i.TIM_Cmd           stm32f10x_tim.o
    0x080018e0   0x080018e0   0x00000006   Code   RO          652    i.TIM_PrescalerConfig  stm32f10x_tim.o
    0x080018e6   0x080018e6   0x00000004   Code   RO          668    i.TIM_SetCounter    stm32f10x_tim.o
    0x080018ea   0x080018ea   0x00000002   PAD
    0x080018ec   0x080018ec   0x000000a4   Code   RO          674    i.TIM_TimeBaseInit  stm32f10x_tim.o
    0x08001990   0x08001990   0x00000012   Code   RO          675    i.TIM_TimeBaseStructInit  stm32f10x_tim.o
    0x080019a2   0x080019a2   0x00000002   PAD
    0x080019a4   0x080019a4   0x0000009c   Code   RO         1855    i.UART_Configuration  main.o
    0x08001a40   0x08001a40   0x00000070   Code   RO         1998    i.USART1_IRQHandler  stm32f10x_it.o
    0x08001ab0   0x08001ab0   0x00000018   Code   RO         1139    i.USART_Cmd         stm32f10x_usart.o
    0x08001ac8   0x08001ac8   0x0000001a   Code   RO         1142    i.USART_GetFlagStatus  stm32f10x_usart.o
    0x08001ae2   0x08001ae2   0x00000054   Code   RO         1143    i.USART_GetITStatus  stm32f10x_usart.o
    0x08001b36   0x08001b36   0x0000004a   Code   RO         1145    i.USART_ITConfig    stm32f10x_usart.o
    0x08001b80   0x08001b80   0x000000d8   Code   RO         1146    i.USART_Init        stm32f10x_usart.o
    0x08001c58   0x08001c58   0x0000000a   Code   RO         1153    i.USART_ReceiveData  stm32f10x_usart.o
    0x08001c62   0x08001c62   0x00000008   Code   RO         1156    i.USART_SendData    stm32f10x_usart.o
    0x08001c6a   0x08001c6a   0x00000004   Code   RO         1999    i.UsageFault_Handler  stm32f10x_it.o
    0x08001c6e   0x08001c6e   0x00000002   PAD
    0x08001c70   0x08001c70   0x00000020   Code   RO         4948    i.__0printf         mc_w.l(printfa.o)
    0x08001c90   0x08001c90   0x00000028   Code   RO         4950    i.__0sprintf        mc_w.l(printfa.o)
    0x08001cb8   0x08001cb8   0x0000000e   Code   RO         5051    i.__scatterload_copy  mc_w.l(handlers.o)
    0x08001cc6   0x08001cc6   0x00000002   Code   RO         5052    i.__scatterload_null  mc_w.l(handlers.o)
    0x08001cc8   0x08001cc8   0x0000000e   Code   RO         5053    i.__scatterload_zeroinit  mc_w.l(handlers.o)
    0x08001cd6   0x08001cd6   0x00000002   PAD
    0x08001cd8   0x08001cd8   0x0000000c   Code   RO         5017    i.__set_errno       mc_w.l(errno.o)
    0x08001ce4   0x08001ce4   0x00000184   Code   RO         4955    i._fp_digits        mc_w.l(printfa.o)
    0x08001e68   0x08001e68   0x000006dc   Code   RO         4956    i._printf_core      mc_w.l(printfa.o)
    0x08002544   0x08002544   0x00000024   Code   RO         4957    i._printf_post_padding  mc_w.l(printfa.o)
    0x08002568   0x08002568   0x0000002e   Code   RO         4958    i._printf_pre_padding  mc_w.l(printfa.o)
    0x08002596   0x08002596   0x0000000a   Code   RO         4960    i._sputc            mc_w.l(printfa.o)
    0x080025a0   0x080025a0   0x000000e4   Code   RO         2173    i.avr_data          measure.o
    0x08002684   0x08002684   0x00000026   Code   RO         2174    i.convert_adc       measure.o
    0x080026aa   0x080026aa   0x00000002   PAD
    0x080026ac   0x080026ac   0x0000005c   Code   RO         2123    i.delay_init        u8g_arm.o
    0x08002708   0x08002708   0x0000001c   Code   RO         2124    i.delay_micro_seconds  u8g_arm.o
    0x08002724   0x08002724   0x000001f4   Code   RO         2255    i.display           display.o
    0x08002918   0x08002918   0x0000001c   Code   RO         2256    i.display_init      display.o
    0x08002934   0x08002934   0x00000024   Code   RO         1856    i.fputc             main.o
    0x08002958   0x08002958   0x00000100   Code   RO         2175    i.getdata_time      measure.o
    0x08002a58   0x08002a58   0x00000070   Code   RO         1857    i.main              main.o
    0x08002ac8   0x08002ac8   0x00000374   Code   RO         2176    i.measure_data_AC   measure.o
    0x08002e3c   0x08002e3c   0x00000044   Code   RO         2177    i.measure_init      measure.o
    0x08002e80   0x08002e80   0x00000024   Code   RO         2178    i.read_adc          measure.o
    0x08002ea4   0x08002ea4   0x000000e0   Code   RO         2179    i.send_data         measure.o
    0x08002f84   0x08002f84   0x0000004c   Code   RO         4703    i.sqrt              m_ws.l(sqrt.o)
    0x08002fd0   0x08002fd0   0x0000000a   Code   RO         2125    i.u8g_10MicroDelay  u8g_arm.o
    0x08002fda   0x08002fda   0x0000001c   Code   RO         3460    i.u8g_Begin         u8g_ll_api.o
    0x08002ff6   0x08002ff6   0x00000068   Code   RO         2950    i.u8g_CopyGlyphDataToCache  u8g_font.o
    0x0800305e   0x0800305e   0x00000012   Code   RO         2126    i.u8g_Delay         u8g_arm.o
    0x08003070   0x08003070   0x00000024   Code   RO         3464    i.u8g_Draw8Pixel    u8g_ll_api.o
    0x08003094   0x08003094   0x00000030   Code   RO         3465    i.u8g_Draw8PixelLL  u8g_ll_api.o
    0x080030c4   0x080030c4   0x00000048   Code   RO         2959    i.u8g_DrawStr180    u8g_font.o
    0x0800310c   0x0800310c   0x00000010   Code   RO         2968    i.u8g_FillEmptyGlyphCache  u8g_font.o
    0x0800311c   0x0800311c   0x0000000e   Code   RO         3468    i.u8g_FirstPage     u8g_ll_api.o
    0x0800312a   0x0800312a   0x00000034   Code   RO         3469    i.u8g_FirstPageLL   u8g_ll_api.o
    0x0800315e   0x0800315e   0x000000c4   Code   RO         2974    i.u8g_GetGlyph      u8g_font.o
    0x08003222   0x08003222   0x00000018   Code   RO         3474    i.u8g_GetHeightLL   u8g_ll_api.o
    0x0800323a   0x0800323a   0x00000014   Code   RO         3475    i.u8g_GetModeLL     u8g_ll_api.o
    0x0800324e   0x0800324e   0x00000018   Code   RO         3476    i.u8g_GetWidthLL    u8g_ll_api.o
    0x08003266   0x08003266   0x0000001a   Code   RO         2405    i.u8g_InitCom       u8g_com_api.o
    0x08003280   0x08003280   0x0000001c   Code   RO         3478    i.u8g_InitComFn     u8g_ll_api.o
    0x0800329c   0x0800329c   0x0000002a   Code   RO         3479    i.u8g_InitLL        u8g_ll_api.o
    0x080032c6   0x080032c6   0x00000052   Code   RO         2388    i.u8g_IsBBXIntersection  u8g_clip.o
    0x08003318   0x08003318   0x0000000a   Code   RO         2127    i.u8g_MicroDelay    u8g_arm.o
    0x08003322   0x08003322   0x00000018   Code   RO         3480    i.u8g_NextPage      u8g_ll_api.o
    0x0800333a   0x0800333a   0x0000003a   Code   RO         3481    i.u8g_NextPageLL    u8g_ll_api.o
    0x08003374   0x08003374   0x0000001a   Code   RO         2406    i.u8g_SetAddress    u8g_com_api.o
    0x0800338e   0x0800338e   0x0000001a   Code   RO         2407    i.u8g_SetChipSelect  u8g_com_api.o
    0x080033a8   0x080033a8   0x00000006   Code   RO         3483    i.u8g_SetColorIndex  u8g_ll_api.o
    0x080033ae   0x080033ae   0x0000001c   Code   RO         2985    i.u8g_SetFont       u8g_font.o
    0x080033ca   0x080033ca   0x00000002   PAD
    0x080033cc   0x080033cc   0x0000000c   Code   RO         2987    i.u8g_SetFontPosBaseline  u8g_font.o
    0x080033d8   0x080033d8   0x00000014   Code   RO         2408    i.u8g_SetResetHigh  u8g_com_api.o
    0x080033ec   0x080033ec   0x00000014   Code   RO         2409    i.u8g_SetResetLow   u8g_com_api.o
    0x08003400   0x08003400   0x00000032   Code   RO         3494    i.u8g_UpdateDimension  u8g_ll_api.o
    0x08003432   0x08003432   0x00000080   Code   RO         2994    i.u8g_UpdateRefHeight  u8g_font.o
    0x080034b2   0x080034b2   0x0000001a   Code   RO         2411    i.u8g_WriteByte     u8g_com_api.o
    0x080034cc   0x080034cc   0x000000be   Code   RO         2412    i.u8g_WriteEscSeqP  u8g_com_api.o
    0x0800358a   0x0800358a   0x0000001e   Code   RO         2413    i.u8g_WriteSequence  u8g_com_api.o
    0x080035a8   0x080035a8   0x0000001e   Code   RO         3495    i.u8g_call_dev_fn   u8g_ll_api.o
    0x080035c6   0x080035c6   0x00000002   PAD
    0x080035c8   0x080035c8   0x000000ac   Code   RO         2128    i.u8g_com_hw_i2c_fn  u8g_arm.o
    0x08003674   0x08003674   0x00000024   Code   RO         2606    i.u8g_com_null_fn   u8g_com_null.o
    0x08003698   0x08003698   0x000000b6   Code   RO         4140    i.u8g_dev_pb16v1_base_fn  u8g_pb16v1.o
    0x0800374e   0x0800374e   0x000000b6   Code   RO         3919    i.u8g_dev_pb8v1_base_fn  u8g_pb8v1.o
    0x08003804   0x08003804   0x00000100   Code   RO         2865    i.u8g_dev_sh1106_128x64_2x_fn  u8g_dev_ssd1306_128x64.o
    0x08003904   0x08003904   0x000000bc   Code   RO         2866    i.u8g_dev_sh1106_128x64_fn  u8g_dev_ssd1306_128x64.o
    0x080039c0   0x080039c0   0x00000100   Code   RO         2867    i.u8g_dev_ssd1306_128x64_2x_fn  u8g_dev_ssd1306_128x64.o
    0x08003ac0   0x08003ac0   0x000000bc   Code   RO         2868    i.u8g_dev_ssd1306_128x64_fn  u8g_dev_ssd1306_128x64.o
    0x08003b7c   0x08003b7c   0x000000bc   Code   RO         2869    i.u8g_dev_ssd1306_adafruit_128x64_fn  u8g_dev_ssd1306_128x64.o
    0x08003c38   0x08003c38   0x000000d2   Code   RO         2997    i.u8g_draw_glyph180  u8g_font.o
    0x08003d0a   0x08003d0a   0x0000000e   Code   RO         3004    i.u8g_font_GetCapitalAHeight  u8g_font.o
    0x08003d18   0x08003d18   0x0000000e   Code   RO         3005    i.u8g_font_GetEncoding65Pos  u8g_font.o
    0x08003d26   0x08003d26   0x0000000e   Code   RO         3006    i.u8g_font_GetEncoding97Pos  u8g_font.o
    0x08003d34   0x08003d34   0x00000010   Code   RO         3007    i.u8g_font_GetFontAscent  u8g_font.o
    0x08003d44   0x08003d44   0x00000010   Code   RO         3008    i.u8g_font_GetFontDescent  u8g_font.o
    0x08003d54   0x08003d54   0x0000000e   Code   RO         3009    i.u8g_font_GetFontEndEncoding  u8g_font.o
    0x08003d62   0x08003d62   0x00000026   Code   RO         3010    i.u8g_font_GetFontGlyphStructureSize  u8g_font.o
    0x08003d88   0x08003d88   0x0000000e   Code   RO         3011    i.u8g_font_GetFontStartEncoding  u8g_font.o
    0x08003d96   0x08003d96   0x00000010   Code   RO         3012    i.u8g_font_GetFontXAscent  u8g_font.o
    0x08003da6   0x08003da6   0x00000010   Code   RO         3013    i.u8g_font_GetFontXDescent  u8g_font.o
    0x08003db6   0x08003db6   0x0000000e   Code   RO         3014    i.u8g_font_GetFormat  u8g_font.o
    0x08003dc4   0x08003dc4   0x00000010   Code   RO         3015    i.u8g_font_GetGlyphDataStart  u8g_font.o
    0x08003dd4   0x08003dd4   0x00000010   Code   RO         3016    i.u8g_font_GetLowerGDescent  u8g_font.o
    0x08003de4   0x08003de4   0x00000006   Code   RO         3025    i.u8g_font_calc_vref_font  u8g_font.o
    0x08003dea   0x08003dea   0x00000008   Code   RO         3027    i.u8g_font_get_byte  u8g_font.o
    0x08003df2   0x08003df2   0x00000018   Code   RO         3031    i.u8g_font_get_word  u8g_font.o
    0x08003e0a   0x08003e0a   0x00000002   PAD
    0x08003e0c   0x08003e0c   0x00000048   Code   RO         3496    i.u8g_init_data     u8g_ll_api.o
    0x08003e54   0x08003e54   0x00000030   Code   RO         2389    i.u8g_is_intersection_decision_tree  u8g_clip.o
    0x08003e84   0x08003e84   0x00000014   Code   RO         3687    i.u8g_page_First    u8g_page.o
    0x08003e98   0x08003e98   0x00000036   Code   RO         3689    i.u8g_page_Next     u8g_page.o
    0x08003ece   0x08003ece   0x0000001a   Code   RO         4141    i.u8g_pb16v1_Clear  u8g_pb16v1.o
    0x08003ee8   0x08003ee8   0x00000062   Code   RO         4143    i.u8g_pb16v1_Set8PixelOpt2  u8g_pb16v1.o
    0x08003f4a   0x08003f4a   0x00000034   Code   RO         4145    i.u8g_pb16v1_SetPixel  u8g_pb16v1.o
    0x08003f7e   0x08003f7e   0x0000003a   Code   RO         4146    i.u8g_pb16v1_set_pixel  u8g_pb16v1.o
    0x08003fb8   0x08003fb8   0x00000062   Code   RO         3921    i.u8g_pb8v1_Set8PixelOpt2  u8g_pb8v1.o
    0x0800401a   0x0800401a   0x00000034   Code   RO         3923    i.u8g_pb8v1_SetPixel  u8g_pb8v1.o
    0x0800404e   0x0800404e   0x00000032   Code   RO         3924    i.u8g_pb8v1_set_pixel  u8g_pb8v1.o
    0x08004080   0x08004080   0x00000018   Code   RO         3711    i.u8g_pb_Clear      u8g_pb.o
    0x08004098   0x08004098   0x00000018   Code   RO         3712    i.u8g_pb_GetPageBox  u8g_pb.o
    0x080040b0   0x080040b0   0x0000003e   Code   RO         3713    i.u8g_pb_Is8PixelVisible  u8g_pb.o
    0x080040ee   0x080040ee   0x00000040   Code   RO         3716    i.u8g_pb_IsYIntersection  u8g_pb.o
    0x0800412e   0x0800412e   0x00000016   Code   RO         3717    i.u8g_pb_WriteBuffer  u8g_pb.o
    0x08004144   0x08004144   0x00000002   Code   RO         4608    i.u8g_state_dummy_cb  u8g_state.o
    0x08004146   0x08004146   0x000000bb   Data   RO         2871    .constdata          u8g_dev_ssd1306_128x64.o
    0x08004201   0x08004201   0x00000e52   Data   RO         3435    .constdata          u8g_font_data.o
    0x08005053   0x08005053   0x00000001   PAD
    0x08005054   0x08005054   0x0000007f   Data   RO         2181    .conststring        measure.o
    0x080050d3   0x080050d3   0x00000001   PAD
    0x080050d4   0x080050d4   0x00000020   Data   RO         5049    Region$$Table       anon$$obj.o


    Execution Region RW_IRAM1 (Exec base: 0x20000000, Load base: 0x080050f4, Size: 0x00003048, Max: 0x00005000, ABSOLUTE, COMPRESSED[0x00000090])

    Exec Addr    Load Addr    Size         Type   Attr      Idx    E Section Name        Object

    0x20000000   COMPRESSED   0x00000014   Data   RW         1401    .data               stm32f10x_rcc.o
    0x20000014   COMPRESSED   0x00000020   Data   RW         1859    .data               main.o
    0x20000034   COMPRESSED   0x00000014   Data   RW         2000    .data               stm32f10x_it.o
    0x20000048   COMPRESSED   0x00000014   Data   RW         2066    .data               system_stm32f10x.o
    0x2000005c   COMPRESSED   0x00000001   Data   RW         2129    .data               u8g_arm.o
    0x2000005d   COMPRESSED   0x00000003   PAD
    0x20000060   COMPRESSED   0x00000016   Data   RW         2182    .data               measure.o
    0x20000076   COMPRESSED   0x00000002   PAD
    0x20000078   COMPRESSED   0x00000138   Data   RW         2872    .data               u8g_dev_ssd1306_128x64.o
    0x200001b0   COMPRESSED   0x00000004   Data   RW         5010    .data               mc_w.l(stdout.o)
    0x200001b4   COMPRESSED   0x00000004   Data   RW         5018    .data               mc_w.l(errno.o)
    0x200001b8        -       0x0000001a   Zero   RW         1858    .bss                main.o
    0x200001d2   COMPRESSED   0x00000002   PAD
    0x200001d4        -       0x000023b8   Zero   RW         2180    .bss                measure.o
    0x2000258c        -       0x0000003c   Zero   RW         2258    .bss                display.o
    0x200025c8        -       0x00000680   Zero   RW         2870    .bss                u8g_dev_ssd1306_128x64.o
    0x20002c48        -       0x00000400   Zero   RW         1580    STACK               startup_stm32f10x_md.o


==============================================================================

Image component sizes


      Code (inc. data)   RO Data    RW Data    ZI Data      Debug   Object Name

         0          0          0          0          0         32   core_cm3.o
       528        166          0          0         60       1205   display.o
       492         26          0          0          0       2184   i2c.o
       348         42          0         32         26      75392   main.o
      2382        200        127         22       9144       9329   measure.o
       132         22          0          0          0     280759   misc.o
        36          8        236          0       1024        904   startup_stm32f10x_md.o
       482         24          0          0          0       8434   stm32f10x_adc.o
       416          8          0          0          0       3602   stm32f10x_dma.o
       294          0          0          0          0       2622   stm32f10x_gpio.o
       460         14          0          0          0       7551   stm32f10x_i2c.o
       138         22          0         20          0       5015   stm32f10x_it.o
       372         50          0         20          0       6480   stm32f10x_rcc.o
       216         42          0          0          0       3669   stm32f10x_tim.o
       442          6          0          0          0       6497   stm32f10x_usart.o
       328         28          0         20          0       2185   system_stm32f10x.o
       330         30          0          1          0       4117   u8g_arm.o
       130          0          0          0          0       1524   u8g_clip.o
       364          0          0          0          0       5679   u8g_com_api.o
        36          8          0          0          0        690   u8g_com_null.o
      1076         80        187        312       1664      50461   u8g_dev_ssd1306_128x64.o
      1022          6          0          0          0      15574   u8g_font.o
         0          0       3666          0          0      43275   u8g_font_data.o
       556          6          0          0          0      10190   u8g_ll_api.o
        74          0          0          0          0       1425   u8g_page.o
       196          0          0          0          0       3446   u8g_pb.o
       416          0          0          0          0       3940   u8g_pb16v1.o
       382          0          0          0          0       3345   u8g_pb8v1.o
         2          0          0          0          0        489   u8g_state.o

    ----------------------------------------------------------------------
     11680        788       4250        432      11920     560015   Object Totals
         0          0         32          0          0          0   (incl. Generated)
        30          0          2          5          2          0   (incl. Padding)

    ----------------------------------------------------------------------

      Code (inc. data)   RO Data    RW Data    ZI Data      Debug   Library Member Name

        76          0          0          0          0         84   sqrt.o
        86          0          0          0          0          0   __dczerorl2.o
         0          0          0          0          0          0   entry.o
         0          0          0          0          0          0   entry10a.o
         0          0          0          0          0          0   entry11a.o
         8          4          0          0          0          0   entry2.o
         4          0          0          0          0          0   entry5.o
         0          0          0          0          0          0   entry7b.o
         0          0          0          0          0          0   entry8b.o
         8          4          0          0          0          0   entry9a.o
        12          6          0          4          0         68   errno.o
        30          0          0          0          0          0   handlers.o
        36          8          0          0          0         68   init.o
         0          0          0          0          0          0   iusefp.o
        30          0          0          0          0         68   llshl.o
        36          0          0          0          0         68   llsshr.o
        32          0          0          0          0         68   llushr.o
      2308         96          0          0          0        604   printfa.o
         0          0          0          4          0          0   stdout.o
        30          0          0          0          0         80   strncmp.o
        44          0          0          0          0         80   uidiv.o
        98          0          0          0          0         92   uldiv.o
        48          0          0          0          0         68   cdrcmple.o
        20          0          0          0          0         68   cfcmple.o
        20          0          0          0          0         68   cfrcmple.o
        56          0          0          0          0         88   d2f.o
       334          0          0          0          0        148   dadd.o
       222          0          0          0          0        100   ddiv.o
       186          0          0          0          0        176   depilogue.o
        48          0          0          0          0         68   dfixul.o
       228          0          0          0          0         96   dmul.o
       162          0          0          0          0        100   dsqrt.o
        38          0          0          0          0         68   f2d.o
       176          0          0          0          0        140   fadd.o
       124          0          0          0          0         88   fdiv.o
       110          0          0          0          0        168   fepilogue.o
        50          0          0          0          0         68   ffixi.o
        18          0          0          0          0         68   fflti.o
        10          0          0          0          0         68   ffltui.o
       100          0          0          0          0         76   fmul.o

    ----------------------------------------------------------------------
      4794        118          0          8          0       3004   Library Totals
         6          0          0          0          0          0   (incl. Padding)

    ----------------------------------------------------------------------

      Code (inc. data)   RO Data    RW Data    ZI Data      Debug   Library Name

        76          0          0          0          0         84   m_ws.l
      2762        118          0          8          0       1196   mc_w.l
      1950          0          0          0          0       1724   mf_w.l

    ----------------------------------------------------------------------
      4794        118          0          8          0       3004   Library Totals

    ----------------------------------------------------------------------

==============================================================================


      Code (inc. data)   RO Data    RW Data    ZI Data      Debug   

     16474        906       4250        440      11920     553735   Grand Totals
     16474        906       4250        144      11920     553735   ELF Image Totals (compressed)
     16474        906       4250        144          0          0   ROM Totals

==============================================================================

    Total RO  Size (Code + RO Data)                20724 (  20.24kB)
    Total RW  Size (RW Data + ZI Data)             12360 (  12.07kB)
    Total ROM Size (Code + RO Data + RW Data)      20868 (  20.38kB)

==============================================================================

