<html>
<body>
<pre>
<h1>µVision Build Log</h1>
<h2>Tool Versions:</h2>
IDE-Version: µVision V5.26.2.0
Copyright (C) 2018 ARM Ltd and ARM Germany GmbH. All rights reserved.
License Information: thang nguyen, bku, LIC=----
 
Tool Versions:
Toolchain:       MDK-Lite  Version: 5.26.2.0
Toolchain Path:  C:\Keil_v5\ARM\ARMCC\Bin
C Compiler:      Armcc.exe V5.06 update 6 (build 750)
Assembler:       Armasm.exe V5.06 update 6 (build 750)
Linker/Locator:  ArmLink.exe V5.06 update 6 (build 750)
Library Manager: ArmAr.exe V5.06 update 6 (build 750)
Hex Converter:   FromElf.exe V5.06 update 6 (build 750)
CPU DLL:         SARMCM3.DLL V5.26.2.0
Dialog DLL:      DCM.DLL V1.17.2.0
Target DLL:      STLink\ST-LINKIII-KEIL_SWO.dll V3.0.5.0
Dialog DLL:      TCM.DLL V1.36.1.0
 
<h2>Project:</h2>
D:\document_luanvan\New folder\solarpvbku\2\firmware\stm\project\keil\luan_van_brd_2.uvprojx
Project File Date:  12/10/2018

<h2>Output:</h2>
*** Using Compiler 'V5.06 update 6 (build 750)', folder: 'C:\Keil_v5\ARM\ARMCC\Bin'
Rebuild target 'luan_van_brd_2'
compiling misc.c...
compiling stm32f10x_adc.c...
compiling stm32f10x_dma.c...
compiling stm32f10x_gpio.c...
compiling stm32f10x_exti.c...
compiling stm32f10x_tim.c...
compiling stm32f10x_wwdg.c...
compiling stm32f10x_usart.c...
assembling startup_stm32f10x_md.s...
compiling stm32f10x_rcc.c...
compiling core_cm3.c...
compiling stm32f10x_pwr.c...
compiling stm32f10x_i2c.c...
compiling main.c...
..\display.h(11): warning:  #1-D: last line of file ends without a newline
  void display(void);
..\measure.h(75): warning:  #1-D: last line of file ends without a newline
  void send_data(void);
..\main.c: 2 warnings, 0 errors
compiling stm32f10x_it.c...
compiling system_stm32f10x.c...
compiling i2c.c...
compiling u8g_arm.c...
compiling u8g_bitmap.c...
compiling measure.c...
..\measure.h(75): warning:  #1-D: last line of file ends without a newline
  void send_data(void);
..\measure.c(184): warning:  #177-D: variable "_val2"  was declared but never referenced
  	int _val1, _val2;
..\measure.c: 2 warnings, 0 errors
compiling display.c...
..\display.h(11): warning:  #1-D: last line of file ends without a newline
  void display(void);
..\measure.h(75): warning:  #1-D: last line of file ends without a newline
  void send_data(void);
..\display.c(85): warning:  #1-D: last line of file ends without a newline
  	}
..\display.c: 3 warnings, 0 errors
compiling u8g_clip.c...
compiling u8g_circle.c...
compiling u8g_com_api.c...
compiling u8g_com_api_16gr.c...
compiling u8g_com_i2c.c...
..\..\lib\src_u8glib\u8g_com_i2c.c(44): warning:  #177-D: variable "u8g_i2c_opt"  was declared but never referenced
  static uint8_t u8g_i2c_opt;		/* U8G_I2C_OPT_NO_ACK, SAM: U8G_I2C_OPT_DEV_1 */
..\..\lib\src_u8glib\u8g_com_i2c.c: 1 warning, 0 errors
compiling u8g_com_io.c...
compiling u8g_com_null.c...
compiling u8g_com_std_sw_spi.c...
compiling u8g_cursor.c...
compiling u8g_delay.c...
compiling u8g_dev_a2_micro_printer.c...
compiling u8g_dev_gprof.c...
compiling u8g_dev_flipdisc_2x7.c...
compiling u8g_dev_ht1632.c...
compiling u8g_dev_ssd1306_64x48.c...
compiling u8g_dev_null.c...
compiling u8g_dev_ssd1306_128x32.c...
..\..\lib\src_u8glib\u8g_dev_ssd1306_128x32.c(48): warning:  #177-D: variable "u8g_dev_ssd1306_128x32_adafruit1_init_seq"  was declared but never referenced
  static const uint8_t u8g_dev_ssd1306_128x32_adafruit1_init_seq[] PROGMEM = {
..\..\lib\src_u8glib\u8g_dev_ssd1306_128x32.c(83): warning:  #177-D: variable "u8g_dev_ssd1306_128x32_adafruit2_init_seq"  was declared but never referenced
  static const uint8_t u8g_dev_ssd1306_128x32_adafruit2_init_seq[] PROGMEM = {
..\..\lib\src_u8glib\u8g_dev_ssd1306_128x32.c(153): warning:  #177-D: variable "u8g_dev_ssd1306_128x32_univision_init_seq"  was declared but never referenced
  static const uint8_t u8g_dev_ssd1306_128x32_univision_init_seq[] PROGMEM = {
..\..\lib\src_u8glib\u8g_dev_ssd1306_128x32.c: 3 warnings, 0 errors
compiling u8g_dev_ssd1306_128x64.c...
..\..\lib\src_u8glib\u8g_dev_ssd1306_128x64.c(44): warning:  #177-D: variable "u8g_dev_ssd1306_128x64_adafruit1_init_seq"  was declared but never referenced
  static const uint8_t u8g_dev_ssd1306_128x64_adafruit1_init_seq[] PROGMEM = {
..\..\lib\src_u8glib\u8g_dev_ssd1306_128x64.c(146): warning:  #177-D: variable "u8g_dev_ssd1306_128x64_univision_init_seq"  was declared but never referenced
  static const uint8_t u8g_dev_ssd1306_128x64_univision_init_seq[] PROGMEM = {
..\..\lib\src_u8glib\u8g_dev_ssd1306_128x64.c: 2 warnings, 0 errors
compiling u8g_ellipse.c...
compiling u8g_font_data.c...
compiling u8g_line.c...
compiling u8g_font.c...
compiling u8g_page.c...
compiling u8g_ll_api.c...
compiling u8g_pb.c...
compiling u8g_pb8h1.c...
compiling u8g_pb8h1f.c...
compiling u8g_pb8h2.c...
compiling u8g_pb8h8.c...
compiling u8g_pb8v1.c...
compiling u8g_pb8v2.c...
compiling u8g_pb14v1.c...
compiling u8g_pb16h1.c...
compiling u8g_pb16h2.c...
compiling u8g_pb16v1.c...
compiling u8g_pb16v2.c...
compiling u8g_pb32h1.c...
compiling u8g_pbxh16.c...
compiling u8g_pbxh24.c...
compiling u8g_polygon.c...
compiling u8g_rect.c...
compiling u8g_state.c...
compiling u8g_scale.c...
compiling u8g_rot.c...
..\..\lib\src_u8glib\u8g_rot.c(48): warning:  #144-D: a value of type "uint8_t (*)(void *, void *, uint8_t, void *)" cannot be used to initialize an entity of type "u8g_dev_fnptr"
  u8g_dev_t u8g_dev_rot = { u8g_dev_rot_dummy_fn, NULL, NULL };
..\..\lib\src_u8glib\u8g_rot.c: 1 warning, 0 errors
compiling u8g_u16toa.c...
compiling u8g_u8toa.c...
compiling u8g_virtual_screen.c...
linking...
Program Size: Code=16474 RO-data=4250 RW-data=440 ZI-data=11920  
FromELF: creating hex file...
".\Objects\luan_van_brd_2.axf" - 0 Error(s), 14 Warning(s).

<h2>Software Packages used:</h2>

Package Vendor: Keil
                http://www.keil.com/pack/Keil.STM32F1xx_DFP.2.3.0.pack
                Keil.STM32F1xx_DFP.2.3.0
                STMicroelectronics STM32F1 Series Device Support, Drivers and Examples

<h2>Collection of Component include folders:</h2>
  .\RTE\_luan_van_brd_2
  C:\Keil_v5\ARM\PACK\Keil\STM32F1xx_DFP\2.3.0\Device\Include

<h2>Collection of Component Files used:</h2>
Build Time Elapsed:  00:00:09
</pre>
</body>
</html>
